Archive member included to satisfy reference by file (symbol)

d:/mvriver/mounriver_studio/toolchain/risc-v embedded gcc/bin/../lib/gcc/riscv-none-embed/8.2.0/rv32imac/ilp32\libgcc.a(adddf3.o)
                              ./CODE/CSM_camera_deal.o (__adddf3)
d:/mvriver/mounriver_studio/toolchain/risc-v embedded gcc/bin/../lib/gcc/riscv-none-embed/8.2.0/rv32imac/ilp32\libgcc.a(divdf3.o)
                              ./CODE/Test.o (__divdf3)
d:/mvriver/mounriver_studio/toolchain/risc-v embedded gcc/bin/../lib/gcc/riscv-none-embed/8.2.0/rv32imac/ilp32\libgcc.a(eqdf2.o)
                              ./Libraries/seekfree_peripheral/SEEKFREE_PRINTF.o (__nedf2)
d:/mvriver/mounriver_studio/toolchain/risc-v embedded gcc/bin/../lib/gcc/riscv-none-embed/8.2.0/rv32imac/ilp32\libgcc.a(gedf2.o)
                              ./CODE/elements.o (__gtdf2)
d:/mvriver/mounriver_studio/toolchain/risc-v embedded gcc/bin/../lib/gcc/riscv-none-embed/8.2.0/rv32imac/ilp32\libgcc.a(ledf2.o)
                              ./Libraries/seekfree_peripheral/SEEKFREE_18TFT.o (__ltdf2)
d:/mvriver/mounriver_studio/toolchain/risc-v embedded gcc/bin/../lib/gcc/riscv-none-embed/8.2.0/rv32imac/ilp32\libgcc.a(muldf3.o)
                              ./Libraries/seekfree_peripheral/SEEKFREE_PRINTF.o (__muldf3)
d:/mvriver/mounriver_studio/toolchain/risc-v embedded gcc/bin/../lib/gcc/riscv-none-embed/8.2.0/rv32imac/ilp32\libgcc.a(subdf3.o)
                              ./Libraries/seekfree_peripheral/SEEKFREE_PRINTF.o (__subdf3)
d:/mvriver/mounriver_studio/toolchain/risc-v embedded gcc/bin/../lib/gcc/riscv-none-embed/8.2.0/rv32imac/ilp32\libgcc.a(fixdfsi.o)
                              ./Libraries/seekfree_peripheral/SEEKFREE_PRINTF.o (__fixdfsi)
d:/mvriver/mounriver_studio/toolchain/risc-v embedded gcc/bin/../lib/gcc/riscv-none-embed/8.2.0/rv32imac/ilp32\libgcc.a(floatsidf.o)
                              ./Libraries/seekfree_peripheral/SEEKFREE_PRINTF.o (__floatsidf)
d:/mvriver/mounriver_studio/toolchain/risc-v embedded gcc/bin/../lib/gcc/riscv-none-embed/8.2.0/rv32imac/ilp32\libgcc.a(addsf3.o)
                              ./CODE/CSM_camera_deal.o (__addsf3)
d:/mvriver/mounriver_studio/toolchain/risc-v embedded gcc/bin/../lib/gcc/riscv-none-embed/8.2.0/rv32imac/ilp32\libgcc.a(divsf3.o)
                              ./CODE/CSM_camera_deal.o (__divsf3)
d:/mvriver/mounriver_studio/toolchain/risc-v embedded gcc/bin/../lib/gcc/riscv-none-embed/8.2.0/rv32imac/ilp32\libgcc.a(gesf2.o)
                              ./CODE/CSM_camera_deal.o (__gtsf2)
d:/mvriver/mounriver_studio/toolchain/risc-v embedded gcc/bin/../lib/gcc/riscv-none-embed/8.2.0/rv32imac/ilp32\libgcc.a(lesf2.o)
                              ./CODE/Test.o (__ltsf2)
d:/mvriver/mounriver_studio/toolchain/risc-v embedded gcc/bin/../lib/gcc/riscv-none-embed/8.2.0/rv32imac/ilp32\libgcc.a(mulsf3.o)
                              ./CODE/CSM_camera_deal.o (__mulsf3)
d:/mvriver/mounriver_studio/toolchain/risc-v embedded gcc/bin/../lib/gcc/riscv-none-embed/8.2.0/rv32imac/ilp32\libgcc.a(subsf3.o)
                              ./CODE/CSM_camera_deal.o (__subsf3)
d:/mvriver/mounriver_studio/toolchain/risc-v embedded gcc/bin/../lib/gcc/riscv-none-embed/8.2.0/rv32imac/ilp32\libgcc.a(fixsfsi.o)
                              ./CODE/motor.o (__fixsfsi)
d:/mvriver/mounriver_studio/toolchain/risc-v embedded gcc/bin/../lib/gcc/riscv-none-embed/8.2.0/rv32imac/ilp32\libgcc.a(floatsisf.o)
                              ./CODE/CSM_camera_deal.o (__floatsisf)
d:/mvriver/mounriver_studio/toolchain/risc-v embedded gcc/bin/../lib/gcc/riscv-none-embed/8.2.0/rv32imac/ilp32\libgcc.a(extendsfdf2.o)
                              ./CODE/CSM_camera_deal.o (__extendsfdf2)
d:/mvriver/mounriver_studio/toolchain/risc-v embedded gcc/bin/../lib/gcc/riscv-none-embed/8.2.0/rv32imac/ilp32\libgcc.a(truncdfsf2.o)
                              ./CODE/CSM_camera_deal.o (__truncdfsf2)
d:/mvriver/mounriver_studio/toolchain/risc-v embedded gcc/bin/../lib/gcc/riscv-none-embed/8.2.0/rv32imac/ilp32\libgcc.a(_clzsi2.o)
                              d:/mvriver/mounriver_studio/toolchain/risc-v embedded gcc/bin/../lib/gcc/riscv-none-embed/8.2.0/rv32imac/ilp32\libgcc.a(adddf3.o) (__clzsi2)
d:/mvriver/mounriver_studio/toolchain/risc-v embedded gcc/bin/../lib/gcc/riscv-none-embed/8.2.0/rv32imac/ilp32\libgcc.a(_clz.o)
                              d:/mvriver/mounriver_studio/toolchain/risc-v embedded gcc/bin/../lib/gcc/riscv-none-embed/8.2.0/rv32imac/ilp32\libgcc.a(_clzsi2.o) (__clz_tab)
d:/mvriver/mounriver_studio/toolchain/risc-v embedded gcc/bin/../lib/gcc/riscv-none-embed/8.2.0/../../../../riscv-none-embed/lib/rv32imac/ilp32\libg_nano.a(lib_a-assert.o)
                              ./Libraries/seekfree_peripheral/SEEKFREE_18TFT.o (__assert_func)
d:/mvriver/mounriver_studio/toolchain/risc-v embedded gcc/bin/../lib/gcc/riscv-none-embed/8.2.0/../../../../riscv-none-embed/lib/rv32imac/ilp32\libg_nano.a(lib_a-fprintf.o)
[...]
Memory Configuration

Name             Origin             Length             Attributes
FLASH            0x0000000000000000 0x0000000000010000 xr
RAM              0x0000000020000000 0x0000000000005000 xrw
*default*        0x0000000000000000 0xffffffffffffffff

Linker script and memory map

LOAD ./USER/isr.o
LOAD ./USER/main.o
LOAD ./Libraries/wch_libraries/Startup/startup_ch32v10x.o
LOAD ./Libraries/wch_libraries/Peripheral/ch32v10x_adc.o
LOAD ./Libraries/wch_libraries/Peripheral/ch32v10x_bkp.o
LOAD ./Libraries/wch_libraries/Peripheral/ch32v10x_crc.o
LOAD ./Libraries/wch_libraries/Peripheral/ch32v10x_dbgmcu.o
LOAD ./Libraries/wch_libraries/Peripheral/ch32v10x_dma.o
LOAD ./Libraries/wch_libraries/Peripheral/ch32v10x_exti.o
LOAD ./Libraries/wch_libraries/Peripheral/ch32v10x_flash.o
LOAD ./Libraries/wch_libraries/Peripheral/ch32v10x_gpio.o
LOAD ./Libraries/wch_libraries/Peripheral/ch32v10x_i2c.o
LOAD ./Libraries/wch_libraries/Peripheral/ch32v10x_iwdg.o
LOAD ./Libraries/wch_libraries/Peripheral/ch32v10x_misc.o
LOAD ./Libraries/wch_libraries/Peripheral/ch32v10x_pwr.o
LOAD ./Libraries/wch_libraries/Peripheral/ch32v10x_rcc.o
LOAD ./Libraries/wch_libraries/Peripheral/ch32v10x_rtc.o
LOAD ./Libraries/wch_libraries/Peripheral/ch32v10x_spi.o
LOAD ./Libraries/wch_libraries/Peripheral/ch32v10x_tim.o
LOAD ./Libraries/wch_libraries/Peripheral/ch32v10x_usart.o
LOAD ./Libraries/wch_libraries/Peripheral/ch32v10x_usb.o
LOAD ./Libraries/wch_libraries/Peripheral/ch32v10x_usb_host.o
LOAD ./Libraries/wch_libraries/Peripheral/ch32v10x_wwdg.o
LOAD ./Libraries/wch_libraries/Core/core_riscv.o
LOAD ./Libraries/seekfree_peripheral/SEEKFREE_18TFT.o
LOAD ./Libraries/seekfree_peripheral/SEEKFREE_ABSOLUTE_ENCODER.o
LOAD ./Libraries/seekfree_peripheral/SEEKFREE_FONT.o
LOAD ./Libraries/seekfree_peripheral/SEEKFREE_ICM20602.o
LOAD ./Libraries/seekfree_peripheral/SEEKFREE_IIC.o
LOAD ./Libraries/seekfree_peripheral/SEEKFREE_IPS114_SPI.o
LOAD ./Libraries/seekfree_peripheral/SEEKFREE_MPU6050.o
LOAD ./Libraries/seekfree_peripheral/SEEKFREE_MT9V03X.o
LOAD ./Libraries/seekfree_peripheral/SEEKFREE_OLED.o
LOAD ./Libraries/seekfree_peripheral/SEEKFREE_PRINTF.o
LOAD ./Libraries/seekfree_peripheral/SEEKFREE_TSL1401.o
LOAD ./Libraries/seekfree_peripheral/SEEKFREE_UART_7725.o
LOAD ./Libraries/seekfree_peripheral/SEEKFREE_VIRSCO.o
LOAD ./Libraries/seekfree_peripheral/SEEKFREE_WIRELESS.o
LOAD ./Libraries/seekfree_libraries/common.o
LOAD ./Libraries/seekfree_libraries/misc.o
LOAD ./Libraries/seekfree_libraries/zf_adc.o
LOAD ./Libraries/seekfree_libraries/zf_camera.o
LOAD ./Libraries/seekfree_libraries/zf_flash.o
LOAD ./Libraries/seekfree_libraries/zf_gpio.o
LOAD ./Libraries/seekfree_libraries/zf_nvic.o
LOAD ./Libraries/seekfree_libraries/zf_pit.o
LOAD ./Libraries/seekfree_libraries/zf_pwm.o
LOAD ./Libraries/seekfree_libraries/zf_qtimer.o
LOAD ./Libraries/seekfree_libraries/zf_spi.o
LOAD ./Libraries/seekfree_libraries/zf_systick.o
LOAD ./Libraries/seekfree_libraries/zf_uart.o
LOAD ./Libraries/rtthread_libraries/src/clock.o
LOAD ./Libraries/rtthread_libraries/src/components.o
LOAD ./Libraries/rtthread_libraries/src/cpu.o
LOAD ./Libraries/rtthread_libraries/src/idle.o
LOAD ./Libraries/rtthread_libraries/src/ipc.o
LOAD ./Libraries/rtthread_libraries/src/irq.o
LOAD ./Libraries/rtthread_libraries/src/kservice.o
LOAD ./Libraries/rtthread_libraries/src/mem.o
LOAD ./Libraries/rtthread_libraries/src/memheap.o
LOAD ./Libraries/rtthread_libraries/src/mempool.o
LOAD ./Libraries/rtthread_libraries/src/object.o
LOAD ./Libraries/rtthread_libraries/src/scheduler.o
LOAD ./Libraries/rtthread_libraries/src/slab.o
LOAD ./Libraries/rtthread_libraries/src/thread.o
LOAD ./Libraries/rtthread_libraries/src/timer.o
LOAD ./Libraries/rtthread_libraries/libcpu/context_gcc.o
LOAD ./Libraries/rtthread_libraries/libcpu/cpuport.o
LOAD ./Libraries/rtthread_libraries/libcpu/interrupt_gcc.o
LOAD ./Libraries/rtthread_libraries/components/finsh/cmd.o
LOAD ./Libraries/rtthread_libraries/components/finsh/msh.o
LOAD ./Libraries/rtthread_libraries/components/finsh/shell.o
LOAD ./Libraries/board/board.o
LOAD ./Libraries/board/clock_config.o
LOAD ./CODE/CSM_camera_deal.o
LOAD ./CODE/Test.o
LOAD ./CODE/button.o
LOAD ./CODE/buzzer.o
LOAD ./CODE/display.o
LOAD ./CODE/elec.o
LOAD ./CODE/elements.o
LOAD ./CODE/encoder.o
LOAD ./CODE/findtrack.o
LOAD ./CODE/founctions.o
LOAD ./CODE/motor.o
LOAD ./CODE/timer_pit.o
LOAD d:/mvriver/mounriver_studio/toolchain/risc-v embedded gcc/bin/../lib/gcc/riscv-none-embed/8.2.0/../../../../riscv-none-embed/lib/rv32imac/ilp32\libm.a
LOAD d:/mvriver/mounriver_studio/toolchain/risc-v embedded gcc/bin/../lib/gcc/riscv-none-embed/8.2.0/rv32imac/ilp32\libgcc.a
LOAD d:/mvriver/mounriver_studio/toolchain/risc-v embedded gcc/bin/../lib/gcc/riscv-none-embed/8.2.0/../../../../riscv-none-embed/lib/rv32imac/ilp32\libg_nano.a
LOAD d:/mvriver/mounriver_studio/toolchain/risc-v embedded gcc/bin/../lib/gcc/riscv-none-embed/8.2.0/../../../../riscv-none-embed/lib/rv32imac/ilp32\libc_nano.a
LOAD d:/mvriver/mounriver_studio/toolchain/risc-v embedded gcc/bin/../lib/gcc/riscv-none-embed/8.2.0/rv32imac/ilp32\libgcc.a
START GROUP
LOAD d:/mvriver/mounriver_studio/toolchain/risc-v embedded gcc/bin/../lib/gcc/riscv-none-embed/8.2.0/rv32imac/ilp32\libgcc.a
LOAD d:/mvriver/mounriver_studio/toolchain/risc-v embedded gcc/bin/../lib/gcc/riscv-none-embed/8.2.0/../../../../riscv-none-embed/lib/rv32imac/ilp32\libc_nano.a
LOAD d:/mvriver/mounriver_studio/toolchain/risc-v embedded gcc/bin/../lib/gcc/riscv-none-embed/8.2.0/../../../../riscv-none-embed/lib/rv32imac/ilp32\libnosys.a
END GROUP
START GROUP
LOAD d:/mvriver/mounriver_studio/toolchain/risc-v embedded gcc/bin/../lib/gcc/riscv-none-embed/8.2.0/rv32imac/ilp32\libgcc.a
LOAD d:/mvriver/mounriver_studio/toolchain/risc-v embedded gcc/bin/../lib/gcc/riscv-none-embed/8.2.0/../../../../riscv-none-embed/lib/rv32imac/ilp32\libc_nano.a
LOAD d:/mvriver/mounriver_studio/toolchain/risc-v embedded gcc/bin/../lib/gcc/riscv-none-embed/8.2.0/../../../../riscv-none-embed/lib/rv32imac/ilp32\libnosys.a
END GROUP
                0x0000000000000100                __stack_size = 0x100
                [!provide]                        PROVIDE (_stack_size = __stack_size)

.init           0x0000000000000000       0x38
                0x0000000000000000                _sinit = .
                0x0000000000000000                . = ALIGN (0x4)
 *(SORT_NONE(.init))
 .init          0x0000000000000000       0x38 ./Libraries/wch_libraries/Startup/startup_ch32v10x.o
                0x0000000000000000                _start
                0x0000000000000038                . = ALIGN (0x4)
                0x0000000000000038                _einit = .

.vector         0x0000000000000038      0x108
 *(.vector)
 .vector        0x0000000000000038       0xf0 ./Libraries/wch_libraries/Startup/startup_ch32v10x.o
                0x0000000000000140                . = ALIGN (0x40)
 *fill*         0x0000000000000128       0x18 

.text           0x0000000000000140     0xdfd8
                0x0000000000000140                . = ALIGN (0x4)
 *(.text)
 .text          0x0000000000000140       0xce ./Libraries/rtthread_libraries/libcpu/context_gcc.o
                0x0000000000000140                rt_hw_interrupt_disable
                0x0000000000000146                rt_hw_interrupt_enable
                0x000000000000014c                rt_hw_context_switch_to
                0x0000000000000160                SW_handler
                0x00000000000001c0                rt_hw_context_switch_exit
 .text          0x000000000000020e       0xa8 d:/mvriver/mounriver_studio/toolchain/risc-v embedded gcc/bin/../lib/gcc/riscv-none-embed/8.2.0/../../../../riscv-none-embed/lib/rv32imac/ilp32\libg_nano.a(lib_a-memset.o)
                0x000000000000020e                memset
 *(.text.*)
 .text.EXTI0_IRQHandler
                0x00000000000002b6       0x64 ./USER/isr.o
                0x00000000000002b6                EXTI0_IRQHandler
 .text.EXTI1_IRQHandler
                0x000000000000031a       0x84 ./USER/isr.o
                0x000000000000031a                EXTI1_IRQHandler
 .text.EXTI2_IRQHandler
                0x000000000000039e       0x64 ./USER/isr.o
                0x000000000000039e                EXTI2_IRQHandler
 .text.EXTI3_IRQHandler
                0x0000000000000402       0x64 ./USER/isr.o
                0x0000000000000402                EXTI3_IRQHandler
 .text.EXTI4_IRQHandler
                0x0000000000000466       0x64 ./USER/isr.o
                0x0000000000000466                EXTI4_IRQHandler
 .text.EXTI9_5_IRQHandler
                0x00000000000004ca       0xc6 ./USER/isr.o
                0x00000000000004ca                EXTI9_5_IRQHandler
 .text.EXTI15_10_IRQHandler
                0x0000000000000590       0xd2 ./USER/isr.o
                0x0000000000000590                EXTI15_10_IRQHandler
 .text.ADC1_2_IRQHandler
                0x0000000000000662       0x50 ./USER/isr.o
                0x0000000000000662                ADC1_2_IRQHandler
 .text.TIM1_BRK_IRQHandler
                0x00000000000006b2       0x74 ./USER/isr.o
                0x00000000000006b2                TIM1_BRK_IRQHandler
 .text.TIM1_UP_IRQHandler
                0x0000000000000726       0x70 ./USER/isr.o
                0x0000000000000726                TIM1_UP_IRQHandler
 .text.TIM1_TRG_COM_IRQHandler
                0x0000000000000796       0x98 ./USER/isr.o
                0x0000000000000796                TIM1_TRG_COM_IRQHandler
 .text.TIM1_CC_IRQHandler
                0x000000000000082e       0xd0 ./USER/isr.o
                0x000000000000082e                TIM1_CC_IRQHandler
 .text.TIM2_IRQHandler
                0x00000000000008fe       0x6c ./USER/isr.o
                0x00000000000008fe                TIM2_IRQHandler
 .text.TIM3_IRQHandler
                0x000000000000096a       0x70 ./USER/isr.o
                0x000000000000096a                TIM3_IRQHandler
 .text.TIM4_IRQHandler
                0x00000000000009da       0x70 ./USER/isr.o
                0x00000000000009da                TIM4_IRQHandler
 .text.USART2_IRQHandler
                0x0000000000000a4a       0x82 ./USER/isr.o
                0x0000000000000a4a                USART2_IRQHandler
 .text.USART3_IRQHandler
                0x0000000000000acc       0x50 ./USER/isr.o
                0x0000000000000acc                USART3_IRQHandler
 .text.DMA1_Channel4_IRQHandler
                0x0000000000000b1c       0x82 ./USER/isr.o
                0x0000000000000b1c                DMA1_Channel4_IRQHandler
 .text.NMI_Handler
                0x0000000000000b9e       0x50 ./USER/isr.o
                0x0000000000000b9e                NMI_Handler
 .text.HardFault_Handler
                0x0000000000000bee       0x28 ./USER/isr.o
                0x0000000000000bee                HardFault_Handler
 .text.WWDG_IRQHandler
                0x0000000000000c16       0x50 ./USER/isr.o
                0x0000000000000c16                WWDG_IRQHandler
 .text.TAMPER_IRQHandler
                0x0000000000000c66       0x12 ./USER/isr.o
                0x0000000000000c66                TAMPER_IRQHandler
 .text.RTC_IRQHandler
                0x0000000000000c78       0x12 ./USER/isr.o
                0x0000000000000c78                RTC_IRQHandler
 .text.FLASH_IRQHandler
                0x0000000000000c8a       0x12 ./USER/isr.o
                0x0000000000000c8a                FLASH_IRQHandler
 .text.RCC_IRQHandler
                0x0000000000000c9c       0x12 ./USER/isr.o
                0x0000000000000c9c                RCC_IRQHandler
 .text.DMA1_Channel1_IRQHandler
                0x0000000000000cae       0x50 ./USER/isr.o
                0x0000000000000cae                DMA1_Channel1_IRQHandler
 .text.DMA1_Channel2_IRQHandler
                0x0000000000000cfe       0x50 ./USER/isr.o
                0x0000000000000cfe                DMA1_Channel2_IRQHandler
 .text.DMA1_Channel3_IRQHandler
                0x0000000000000d4e       0x50 ./USER/isr.o
                0x0000000000000d4e                DMA1_Channel3_IRQHandler
 .text.DMA1_Channel5_IRQHandler
                0x0000000000000d9e       0x50 ./USER/isr.o
                0x0000000000000d9e                DMA1_Channel5_IRQHandler
 .text.DMA1_Channel6_IRQHandler
                0x0000000000000dee       0x50 ./USER/isr.o
                0x0000000000000dee                DMA1_Channel6_IRQHandler
 .text.DMA1_Channel7_IRQHandler
                0x0000000000000e3e       0x50 ./USER/isr.o
                0x0000000000000e3e                DMA1_Channel7_IRQHandler
 .text.main     0x0000000000000e8e       0x68 ./USER/main.o
                0x0000000000000e8e                main
 .text.handle_reset
                0x0000000000000ef6       0x86 ./Libraries/wch_libraries/Startup/startup_ch32v10x.o
                0x0000000000000ef6                handle_reset
 .text.ADC_DeInit
                0x0000000000000f7c       0x28 ./Libraries/wch_libraries/Peripheral/ch32v10x_adc.o
                0x0000000000000f7c                ADC_DeInit
 .text.ADC_Init
                0x0000000000000fa4       0x50 ./Libraries/wch_libraries/Peripheral/ch32v10x_adc.o
                0x0000000000000fa4                ADC_Init
 .text.ADC_Cmd  0x0000000000000ff4       0x14 ./Libraries/wch_libraries/Peripheral/ch32v10x_adc.o
                0x0000000000000ff4                ADC_Cmd
 .text.ADC_ResetCalibration
                0x0000000000001008        0xa ./Libraries/wch_libraries/Peripheral/ch32v10x_adc.o
                0x0000000000001008                ADC_ResetCalibration
 .text.ADC_GetResetCalibrationStatus
                0x0000000000001012        0x8 ./Libraries/wch_libraries/Peripheral/ch32v10x_adc.o
                0x0000000000001012                ADC_GetResetCalibrationStatus
 .text.ADC_StartCalibration
                0x000000000000101a        0xa ./Libraries/wch_libraries/Peripheral/ch32v10x_adc.o
                0x000000000000101a                ADC_StartCalibration
 .text.ADC_GetCalibrationStatus
                0x0000000000001024        0x8 ./Libraries/wch_libraries/Peripheral/ch32v10x_adc.o
                0x0000000000001024                ADC_GetCalibrationStatus
 .text.ADC_RegularChannelConfig
                0x000000000000102c       0xba ./Libraries/wch_libraries/Peripheral/ch32v10x_adc.o
                0x000000000000102c                ADC_RegularChannelConfig
 .text.DMA_DeInit
                0x00000000000010e6      0x174 ./Libraries/wch_libraries/Peripheral/ch32v10x_dma.o
                0x00000000000010e6                DMA_DeInit
 .text.DMA_Init
                0x000000000000125a       0x38 ./Libraries/wch_libraries/Peripheral/ch32v10x_dma.o
                0x000000000000125a                DMA_Init
 .text.DMA_Cmd  0x0000000000001292       0x18 ./Libraries/wch_libraries/Peripheral/ch32v10x_dma.o
                0x0000000000001292                DMA_Cmd
 .text.DMA_ITConfig
                0x00000000000012aa       0x16 ./Libraries/wch_libraries/Peripheral/ch32v10x_dma.o
                0x00000000000012aa                DMA_ITConfig
 .text.DMA_GetFlagStatus
                0x00000000000012c0       0x20 ./Libraries/wch_libraries/Peripheral/ch32v10x_dma.o
                0x00000000000012c0                DMA_GetFlagStatus
 .text.DMA_ClearFlag
                0x00000000000012e0       0x1a ./Libraries/wch_libraries/Peripheral/ch32v10x_dma.o
                0x00000000000012e0                DMA_ClearFlag
 .text.EXTI_Init
                0x00000000000012fa       0xa2 ./Libraries/wch_libraries/Peripheral/ch32v10x_exti.o
                0x00000000000012fa                EXTI_Init
 .text.EXTI_GetITStatus
                0x000000000000139c       0x1c ./Libraries/wch_libraries/Peripheral/ch32v10x_exti.o
                0x000000000000139c                EXTI_GetITStatus
 .text.EXTI_ClearITPendingBit
                0x00000000000013b8        0xa ./Libraries/wch_libraries/Peripheral/ch32v10x_exti.o
                0x00000000000013b8                EXTI_ClearITPendingBit
 .text.GPIO_Init
                0x00000000000013c2       0xca ./Libraries/wch_libraries/Peripheral/ch32v10x_gpio.o
                0x00000000000013c2                GPIO_Init
 .text.GPIO_WriteBit
                0x000000000000148c        0xa ./Libraries/wch_libraries/Peripheral/ch32v10x_gpio.o
                0x000000000000148c                GPIO_WriteBit
 .text.GPIO_PinRemapConfig
                0x0000000000001496       0x9a ./Libraries/wch_libraries/Peripheral/ch32v10x_gpio.o
                0x0000000000001496                GPIO_PinRemapConfig
 .text.GPIO_EXTILineConfig
                0x0000000000001530       0x2c ./Libraries/wch_libraries/Peripheral/ch32v10x_gpio.o
                0x0000000000001530                GPIO_EXTILineConfig
 .text.NVIC_Init
                0x000000000000155c       0xae ./Libraries/wch_libraries/Peripheral/ch32v10x_misc.o
                0x000000000000155c                NVIC_Init
 .text.RCC_ADCCLKConfig
                0x000000000000160a       0x12 ./Libraries/wch_libraries/Peripheral/ch32v10x_rcc.o
                0x000000000000160a                RCC_ADCCLKConfig
 .text.RCC_GetClocksFreq
                0x000000000000161c       0xf2 ./Libraries/wch_libraries/Peripheral/ch32v10x_rcc.o
                0x000000000000161c                RCC_GetClocksFreq
 .text.RCC_AHBPeriphClockCmd
                0x000000000000170e       0x1e ./Libraries/wch_libraries/Peripheral/ch32v10x_rcc.o
                0x000000000000170e                RCC_AHBPeriphClockCmd
 .text.RCC_APB2PeriphClockCmd
                0x000000000000172c       0x1e ./Libraries/wch_libraries/Peripheral/ch32v10x_rcc.o
                0x000000000000172c                RCC_APB2PeriphClockCmd
 .text.RCC_APB1PeriphClockCmd
                0x000000000000174a       0x1e ./Libraries/wch_libraries/Peripheral/ch32v10x_rcc.o
                0x000000000000174a                RCC_APB1PeriphClockCmd
 .text.RCC_APB2PeriphResetCmd
                0x0000000000001768       0x1e ./Libraries/wch_libraries/Peripheral/ch32v10x_rcc.o
                0x0000000000001768                RCC_APB2PeriphResetCmd
 .text.RCC_APB1PeriphResetCmd
                0x0000000000001786       0x1e ./Libraries/wch_libraries/Peripheral/ch32v10x_rcc.o
                0x0000000000001786                RCC_APB1PeriphResetCmd
 .text.SPI_I2S_DeInit
                0x00000000000017a4       0x54 ./Libraries/wch_libraries/Peripheral/ch32v10x_spi.o
                0x00000000000017a4                SPI_I2S_DeInit
 .text.SPI_Init
                0x00000000000017f8       0x5a ./Libraries/wch_libraries/Peripheral/ch32v10x_spi.o
                0x00000000000017f8                SPI_Init
 .text.SPI_Cmd  0x0000000000001852       0x26 ./Libraries/wch_libraries/Peripheral/ch32v10x_spi.o
                0x0000000000001852                SPI_Cmd
 .text.TIM_DeInit
                0x0000000000001878       0x78 ./Libraries/wch_libraries/Peripheral/ch32v10x_tim.o
                0x0000000000001878                TIM_DeInit
 .text.TIM_TimeBaseInit
                0x00000000000018f0       0xb6 ./Libraries/wch_libraries/Peripheral/ch32v10x_tim.o
                0x00000000000018f0                TIM_TimeBaseInit
 .text.TIM_OC1Init
                0x00000000000019a6       0x8a ./Libraries/wch_libraries/Peripheral/ch32v10x_tim.o
                0x00000000000019a6                TIM_OC1Init
 .text.TIM_OC2Init
                0x0000000000001a30       0xb2 ./Libraries/wch_libraries/Peripheral/ch32v10x_tim.o
                0x0000000000001a30                TIM_OC2Init
 .text.TIM_OC3Init
                0x0000000000001ae2       0xb0 ./Libraries/wch_libraries/Peripheral/ch32v10x_tim.o
                0x0000000000001ae2                TIM_OC3Init
 .text.TIM_OC4Init
                0x0000000000001b92       0x84 ./Libraries/wch_libraries/Peripheral/ch32v10x_tim.o
                0x0000000000001b92                TIM_OC4Init
 .text.TIM_Cmd  0x0000000000001c16       0x24 ./Libraries/wch_libraries/Peripheral/ch32v10x_tim.o
                0x0000000000001c16                TIM_Cmd
 .text.TIM_CtrlPWMOutputs
                0x0000000000001c3a       0x1e ./Libraries/wch_libraries/Peripheral/ch32v10x_tim.o
                0x0000000000001c3a                TIM_CtrlPWMOutputs
 .text.TIM_DMACmd
                0x0000000000001c58       0x1e ./Libraries/wch_libraries/Peripheral/ch32v10x_tim.o
                0x0000000000001c58                TIM_DMACmd
 .text.TIM_ETRConfig
                0x0000000000001c76       0x1a ./Libraries/wch_libraries/Peripheral/ch32v10x_tim.o
                0x0000000000001c76                TIM_ETRConfig
 .text.TIM_ETRClockMode1Config
                0x0000000000001c90       0x1e ./Libraries/wch_libraries/Peripheral/ch32v10x_tim.o
                0x0000000000001c90                TIM_ETRClockMode1Config
 .text.TIM_SelectInputTrigger
                0x0000000000001cae       0x14 ./Libraries/wch_libraries/Peripheral/ch32v10x_tim.o
                0x0000000000001cae                TIM_SelectInputTrigger
 .text.TIM_OC1PreloadConfig
                0x0000000000001cc2       0x12 ./Libraries/wch_libraries/Peripheral/ch32v10x_tim.o
                0x0000000000001cc2                TIM_OC1PreloadConfig
 .text.TIM_OC2PreloadConfig
                0x0000000000001cd4       0x1a ./Libraries/wch_libraries/Peripheral/ch32v10x_tim.o
                0x0000000000001cd4                TIM_OC2PreloadConfig
 .text.TIM_OC3PreloadConfig
                0x0000000000001cee       0x12 ./Libraries/wch_libraries/Peripheral/ch32v10x_tim.o
                0x0000000000001cee                TIM_OC3PreloadConfig
 .text.TIM_OC4PreloadConfig
                0x0000000000001d00       0x1a ./Libraries/wch_libraries/Peripheral/ch32v10x_tim.o
                0x0000000000001d00                TIM_OC4PreloadConfig
 .text.TIM_OC1FastConfig
                0x0000000000001d1a       0x12 ./Libraries/wch_libraries/Peripheral/ch32v10x_tim.o
                0x0000000000001d1a                TIM_OC1FastConfig
 .text.TIM_OC2FastConfig
                0x0000000000001d2c       0x1a ./Libraries/wch_libraries/Peripheral/ch32v10x_tim.o
                0x0000000000001d2c                TIM_OC2FastConfig
 .text.TIM_OC3FastConfig
                0x0000000000001d46       0x12 ./Libraries/wch_libraries/Peripheral/ch32v10x_tim.o
                0x0000000000001d46                TIM_OC3FastConfig
 .text.TIM_OC4FastConfig
                0x0000000000001d58       0x1a ./Libraries/wch_libraries/Peripheral/ch32v10x_tim.o
                0x0000000000001d58                TIM_OC4FastConfig
 .text.TIM_SelectSlaveMode
                0x0000000000001d72       0x1e ./Libraries/wch_libraries/Peripheral/ch32v10x_tim.o
                0x0000000000001d72                TIM_SelectSlaveMode
 .text.TIM_SelectMasterSlaveMode
                0x0000000000001d90       0x20 ./Libraries/wch_libraries/Peripheral/ch32v10x_tim.o
                0x0000000000001d90                TIM_SelectMasterSlaveMode
 .text.TIM_GetITStatus
                0x0000000000001db0       0x1c ./Libraries/wch_libraries/Peripheral/ch32v10x_tim.o
                0x0000000000001db0                TIM_GetITStatus
 .text.TIM_ClearITPendingBit
                0x0000000000001dcc        0xe ./Libraries/wch_libraries/Peripheral/ch32v10x_tim.o
                0x0000000000001dcc                TIM_ClearITPendingBit
 .text.USART_DeInit
                0x0000000000001dda       0xac ./Libraries/wch_libraries/Peripheral/ch32v10x_usart.o
                0x0000000000001dda                USART_DeInit
 .text.USART_Init
                0x0000000000001e86       0xf8 ./Libraries/wch_libraries/Peripheral/ch32v10x_usart.o
                0x0000000000001e86                USART_Init
 .text.USART_Cmd
                0x0000000000001f7e       0x20 ./Libraries/wch_libraries/Peripheral/ch32v10x_usart.o
                0x0000000000001f7e                USART_Cmd
 .text.USART_ITConfig
                0x0000000000001f9e       0x3c ./Libraries/wch_libraries/Peripheral/ch32v10x_usart.o
                0x0000000000001f9e                USART_ITConfig
 .text.USART_SendData
                0x0000000000001fda        0xa ./Libraries/wch_libraries/Peripheral/ch32v10x_usart.o
                0x0000000000001fda                USART_SendData
 .text.USART_GetFlagStatus
                0x0000000000001fe4        0xc ./Libraries/wch_libraries/Peripheral/ch32v10x_usart.o
                0x0000000000001fe4                USART_GetFlagStatus
 .text.USART_GetITStatus
                0x0000000000001ff0       0x4c ./Libraries/wch_libraries/Peripheral/ch32v10x_usart.o
                0x0000000000001ff0                USART_GetITStatus
 .text.spi_wr_byte
                0x000000000000203c       0x20 ./Libraries/seekfree_peripheral/SEEKFREE_ABSOLUTE_ENCODER.o
                0x000000000000203c                spi_wr_byte
 .text.encoder_spi_w_reg_byte
                0x000000000000205c       0x6a ./Libraries/seekfree_peripheral/SEEKFREE_ABSOLUTE_ENCODER.o
                0x000000000000205c                encoder_spi_w_reg_byte
 .text.encoder_spi_r_reg_byte
                0x00000000000020c6       0x56 ./Libraries/seekfree_peripheral/SEEKFREE_ABSOLUTE_ENCODER.o
                0x00000000000020c6                encoder_spi_r_reg_byte
 .text.set_zero_position_spi
                0x000000000000211c       0x36 ./Libraries/seekfree_peripheral/SEEKFREE_ABSOLUTE_ENCODER.o
                0x000000000000211c                set_zero_position_spi
 .text.encoder1_speed_spi
                0x0000000000002152       0x7a ./Libraries/seekfree_peripheral/SEEKFREE_ABSOLUTE_ENCODER.o
                0x0000000000002152                encoder1_speed_spi
 .text.encoder2_speed_spi
                0x00000000000021cc       0x7a ./Libraries/seekfree_peripheral/SEEKFREE_ABSOLUTE_ENCODER.o
                0x00000000000021cc                encoder2_speed_spi
 .text.encoder3_speed_spi
                0x0000000000002246       0x7a ./Libraries/seekfree_peripheral/SEEKFREE_ABSOLUTE_ENCODER.o
                0x0000000000002246                encoder3_speed_spi
 .text.encoder4_speed_spi
                0x00000000000022c0       0x7a ./Libraries/seekfree_peripheral/SEEKFREE_ABSOLUTE_ENCODER.o
                0x00000000000022c0                encoder4_speed_spi
 .text.encoder_self5_check
                0x000000000000233a       0x8a ./Libraries/seekfree_peripheral/SEEKFREE_ABSOLUTE_ENCODER.o
                0x000000000000233a                encoder_self5_check
 .text.encoder_init_spi
                0x00000000000023c4       0x3a ./Libraries/seekfree_peripheral/SEEKFREE_ABSOLUTE_ENCODER.o
                0x00000000000023c4                encoder_init_spi
 .text.icm_spi_w_reg_byte
                0x00000000000023fe       0x36 ./Libraries/seekfree_peripheral/SEEKFREE_ICM20602.o
                0x00000000000023fe                icm_spi_w_reg_byte
 .text.icm_spi_r_reg_byte
                0x0000000000002434       0x4c ./Libraries/seekfree_peripheral/SEEKFREE_ICM20602.o
                0x0000000000002434                icm_spi_r_reg_byte
 .text.icm_spi_r_reg_bytes
                0x0000000000002480       0x2e ./Libraries/seekfree_peripheral/SEEKFREE_ICM20602.o
                0x0000000000002480                icm_spi_r_reg_bytes
 .text.icm20602_self3_check
                0x00000000000024ae       0x2e ./Libraries/seekfree_peripheral/SEEKFREE_ICM20602.o
                0x00000000000024ae                icm20602_self3_check
 .text.icm20602_init_spi
                0x00000000000024dc       0x92 ./Libraries/seekfree_peripheral/SEEKFREE_ICM20602.o
                0x00000000000024dc                icm20602_init_spi
 .text.get_icm20602_gyro_spi
                0x000000000000256e       0x48 ./Libraries/seekfree_peripheral/SEEKFREE_ICM20602.o
                0x000000000000256e                get_icm20602_gyro_spi
 .text.ips114_writeIndex
                0x00000000000025b6       0x34 ./Libraries/seekfree_peripheral/SEEKFREE_IPS114_SPI.o
                0x00000000000025b6                ips114_writeIndex
 .text.ips114_writeData
                0x00000000000025ea       0x34 ./Libraries/seekfree_peripheral/SEEKFREE_IPS114_SPI.o
                0x00000000000025ea                ips114_writeData
 .text.ips114_writedata_16bit
                0x000000000000261e       0x3a ./Libraries/seekfree_peripheral/SEEKFREE_IPS114_SPI.o
                0x000000000000261e                ips114_writedata_16bit
 .text.ips114_set_region
                0x0000000000002658       0x5c ./Libraries/seekfree_peripheral/SEEKFREE_IPS114_SPI.o
                0x0000000000002658                ips114_set_region
 .text.ips114_clear
                0x00000000000026b4       0x50 ./Libraries/seekfree_peripheral/SEEKFREE_IPS114_SPI.o
                0x00000000000026b4                ips114_clear
 .text.ips114_init
                0x0000000000002704      0x1ce ./Libraries/seekfree_peripheral/SEEKFREE_IPS114_SPI.o
                0x0000000000002704                ips114_init
 .text.ips114_showchar
                0x00000000000028d2       0xaa ./Libraries/seekfree_peripheral/SEEKFREE_IPS114_SPI.o
                0x00000000000028d2                ips114_showchar
 .text.ips114_showint16
                0x000000000000297c       0xbc ./Libraries/seekfree_peripheral/SEEKFREE_IPS114_SPI.o
                0x000000000000297c                ips114_showint16
 .text.mt9v03x_uart_callback
                0x0000000000002a38       0x58 ./Libraries/seekfree_peripheral/SEEKFREE_MT9V03X.o
                0x0000000000002a38                mt9v03x_uart_callback
 .text.set_config
                0x0000000000002a90       0x8c ./Libraries/seekfree_peripheral/SEEKFREE_MT9V03X.o
                0x0000000000002a90                set_config
 .text.get_config
                0x0000000000002b1c       0x90 ./Libraries/seekfree_peripheral/SEEKFREE_MT9V03X.o
                0x0000000000002b1c                get_config
 .text.mt9v03x_vsync_init
                0x0000000000002bac       0x22 ./Libraries/seekfree_peripheral/SEEKFREE_MT9V03X.o
                0x0000000000002bac                mt9v03x_vsync_init
 .text.mt9v03x_tim1_etr_init
                0x0000000000002bce       0x10 ./Libraries/seekfree_peripheral/SEEKFREE_MT9V03X.o
                0x0000000000002bce                mt9v03x_tim1_etr_init
 .text.mt9v03x_dma_init
                0x0000000000002bde       0x50 ./Libraries/seekfree_peripheral/SEEKFREE_MT9V03X.o
                0x0000000000002bde                mt9v03x_dma_init
 .text.mt9v03x_init
                0x0000000000002c2e       0x78 ./Libraries/seekfree_peripheral/SEEKFREE_MT9V03X.o
                0x0000000000002c2e                mt9v03x_init
 .text.mt9v03x_vsync
                0x0000000000002ca6       0x16 ./Libraries/seekfree_peripheral/SEEKFREE_MT9V03X.o
                0x0000000000002ca6                mt9v03x_vsync
 .text.mt9v03x_dma
                0x0000000000002cbc       0x26 ./Libraries/seekfree_peripheral/SEEKFREE_MT9V03X.o
                0x0000000000002cbc                mt9v03x_dma
 .text.ccd_collect
                0x0000000000002ce2       0x5c ./Libraries/seekfree_peripheral/SEEKFREE_TSL1401.o
                0x0000000000002ce2                ccd_collect
 .text.ov7725_cof_uart_interrupt
                0x0000000000002d3e       0x50 ./Libraries/seekfree_peripheral/SEEKFREE_UART_7725.o
                0x0000000000002d3e                ov7725_cof_uart_interrupt
 .text.ov7725_uart_vsync
                0x0000000000002d8e       0x16 ./Libraries/seekfree_peripheral/SEEKFREE_UART_7725.o
                0x0000000000002d8e                ov7725_uart_vsync
 .text.ov7725_uart_dma
                0x0000000000002da4       0x16 ./Libraries/seekfree_peripheral/SEEKFREE_UART_7725.o
                0x0000000000002da4                ov7725_uart_dma
 .text.adc_gpio_init
                0x0000000000002dba      0x132 ./Libraries/seekfree_libraries/zf_adc.o
                0x0000000000002dba                adc_gpio_init
 .text.adc_init
                0x0000000000002eec       0xa2 ./Libraries/seekfree_libraries/zf_adc.o
                0x0000000000002eec                adc_init
 .text.adc_convert
                0x0000000000002f8e       0x52 ./Libraries/seekfree_libraries/zf_adc.o
                0x0000000000002f8e                adc_convert
 .text.adc_mean_filter
                0x0000000000002fe0       0x62 ./Libraries/seekfree_libraries/zf_adc.o
                0x0000000000002fe0                adc_mean_filter
 .text.camera_dma_init
                0x0000000000003042       0xfc ./Libraries/seekfree_libraries/zf_camera.o
                0x0000000000003042                camera_dma_init
 .text.camera_tim_etr_init
                0x000000000000313e       0xcc ./Libraries/seekfree_libraries/zf_camera.o
                0x000000000000313e                camera_tim_etr_init
 .text.gpio_init
                0x000000000000320a      0x112 ./Libraries/seekfree_libraries/zf_gpio.o
                0x000000000000320a                gpio_init
 .text.gpio_set
                0x000000000000331c       0x3a ./Libraries/seekfree_libraries/zf_gpio.o
                0x000000000000331c                gpio_set
 .text.gpio_get
                0x0000000000003356       0x22 ./Libraries/seekfree_libraries/zf_gpio.o
                0x0000000000003356                gpio_get
 .text.gpio_interrupt_init
                0x0000000000003378       0x54 ./Libraries/seekfree_libraries/zf_gpio.o
                0x0000000000003378                gpio_interrupt_init
 .text.close_all_irq
                0x00000000000033cc       0x10 ./Libraries/seekfree_libraries/zf_nvic.o
                0x00000000000033cc                close_all_irq
 .text.nvic_init
                0x00000000000033dc       0x56 ./Libraries/seekfree_libraries/zf_nvic.o
                0x00000000000033dc                nvic_init
 .text.pwm_gpio_init
                0x0000000000003432      0x29a ./Libraries/seekfree_libraries/zf_pwm.o
                0x0000000000003432                pwm_gpio_init
 .text.pwm_init
                0x00000000000036cc      0x214 ./Libraries/seekfree_libraries/zf_pwm.o
                0x00000000000036cc                pwm_init
 .text.pwm_duty
                0x00000000000038e0       0x90 ./Libraries/seekfree_libraries/zf_pwm.o
                0x00000000000038e0                pwm_duty
 .text.spi_gpio_init
                0x0000000000003970      0x15c ./Libraries/seekfree_libraries/zf_spi.o
                0x0000000000003970                spi_gpio_init
 .text.spi_init
                0x0000000000003acc      0x116 ./Libraries/seekfree_libraries/zf_spi.o
                0x0000000000003acc                spi_init
 .text.spi_mosi
                0x0000000000003be2       0x3a ./Libraries/seekfree_libraries/zf_spi.o
                0x0000000000003be2                spi_mosi
 .text.systick_delay
                0x0000000000003c1c        0xa ./Libraries/seekfree_libraries/zf_systick.o
                0x0000000000003c1c                systick_delay
 .text.systick_delay2
                0x0000000000003c26        0xe ./Libraries/seekfree_libraries/zf_systick.o
                0x0000000000003c26                systick_delay2
 .text.uart_gpio_init
                0x0000000000003c34       0xc6 ./Libraries/seekfree_libraries/zf_uart.o
                0x0000000000003c34                uart_gpio_init
 .text.uart_init
                0x0000000000003cfa       0xd6 ./Libraries/seekfree_libraries/zf_uart.o
                0x0000000000003cfa                uart_init
 .text.uart_putchar
                0x0000000000003dd0       0x20 ./Libraries/seekfree_libraries/zf_uart.o
                0x0000000000003dd0                uart_putchar
 .text.uart_putbuff
                0x0000000000003df0       0x32 ./Libraries/seekfree_libraries/zf_uart.o
                0x0000000000003df0                uart_putbuff
 .text.uart_rx_irq
                0x0000000000003e22       0x3c ./Libraries/seekfree_libraries/zf_uart.o
                0x0000000000003e22                uart_rx_irq
 .text.uart_getchar
                0x0000000000003e5e       0x20 ./Libraries/seekfree_libraries/zf_uart.o
                0x0000000000003e5e                uart_getchar
 .text.uart_query
                0x0000000000003e7e       0x26 ./Libraries/seekfree_libraries/zf_uart.o
                0x0000000000003e7e                uart_query
 .text.rt_tick_get
                0x0000000000003ea4        0x6 ./Libraries/rtthread_libraries/src/clock.o
                0x0000000000003ea4                rt_tick_get
 .text.rt_tick_increase
                0x0000000000003eaa       0x2e ./Libraries/rtthread_libraries/src/clock.o
                0x0000000000003eaa                rt_tick_increase
 .text.rt_tick_from_millisecond
                0x0000000000003ed8       0x28 ./Libraries/rtthread_libraries/src/clock.o
                0x0000000000003ed8                rt_tick_from_millisecond
 .text.rti_start
                0x0000000000003f00        0x4 ./Libraries/rtthread_libraries/src/components.o
 .text.rti_board_start
                0x0000000000003f04        0x4 ./Libraries/rtthread_libraries/src/components.o
 .text.rti_board_end
                0x0000000000003f08        0x4 ./Libraries/rtthread_libraries/src/components.o
 .text.rti_end  0x0000000000003f0c        0x4 ./Libraries/rtthread_libraries/src/components.o
 .text.rt_components_board_init
                0x0000000000003f10       0x46 ./Libraries/rtthread_libraries/src/components.o
                0x0000000000003f10                rt_components_board_init
 .text.rt_components_init
                0x0000000000003f56       0x46 ./Libraries/rtthread_libraries/src/components.o
                0x0000000000003f56                rt_components_init
 .text.main_thread_entry
                0x0000000000003f9c       0x12 ./Libraries/rtthread_libraries/src/components.o
                0x0000000000003f9c                main_thread_entry
 .text.rt_application_init
                0x0000000000003fae       0x2c ./Libraries/rtthread_libraries/src/components.o
                0x0000000000003fae                rt_application_init
 .text.rtthread_startup
                0x0000000000003fda       0x2e ./Libraries/rtthread_libraries/src/components.o
                0x0000000000003fda                rtthread_startup
 .text.entry    0x0000000000004008       0x10 ./Libraries/rtthread_libraries/src/components.o
                0x0000000000004008                entry
 .text.rt_thread_idle_excute
                0x0000000000004018       0xa8 ./Libraries/rtthread_libraries/src/idle.o
                0x0000000000004018                rt_thread_idle_excute
 .text.rt_thread_idle_entry
                0x00000000000040c0        0xa ./Libraries/rtthread_libraries/src/idle.o
 .text.rt_thread_idle_init
                0x00000000000040ca       0x46 ./Libraries/rtthread_libraries/src/idle.o
                0x00000000000040ca                rt_thread_idle_init
 .text.rt_sem_init
                0x0000000000004110       0x36 ./Libraries/rtthread_libraries/src/ipc.o
                0x0000000000004110                rt_sem_init
 .text.rt_sem_create
                0x0000000000004146       0x30 ./Libraries/rtthread_libraries/src/ipc.o
                0x0000000000004146                rt_sem_create
 .text.rt_sem_take
                0x0000000000004176       0xea ./Libraries/rtthread_libraries/src/ipc.o
                0x0000000000004176                rt_sem_take
 .text.rt_sem_release
                0x0000000000004260       0x48 ./Libraries/rtthread_libraries/src/ipc.o
                0x0000000000004260                rt_sem_release
 .text.rt_mb_create
                0x00000000000042a8       0x66 ./Libraries/rtthread_libraries/src/ipc.o
                0x00000000000042a8                rt_mb_create
 .text.rt_mb_send_wait
                0x000000000000430e      0x1a4 ./Libraries/rtthread_libraries/src/ipc.o
                0x000000000000430e                rt_mb_send_wait
 .text.rt_mb_send
                0x00000000000044b2       0x10 ./Libraries/rtthread_libraries/src/ipc.o
                0x00000000000044b2                rt_mb_send
 .text.rt_mb_recv
                0x00000000000044c2      0x1a2 ./Libraries/rtthread_libraries/src/ipc.o
                0x00000000000044c2                rt_mb_recv
 .text.rt_interrupt_enter
                0x0000000000004664       0x24 ./Libraries/rtthread_libraries/src/irq.o
                0x0000000000004664                rt_interrupt_enter
 .text.rt_interrupt_leave
                0x0000000000004688       0x24 ./Libraries/rtthread_libraries/src/irq.o
                0x0000000000004688                rt_interrupt_leave
 .text.print_number
                0x00000000000046ac      0x1b6 ./Libraries/rtthread_libraries/src/kservice.o
 .text.rt_memset
                0x0000000000004862       0x8e ./Libraries/rtthread_libraries/src/kservice.o
                0x0000000000004862                rt_memset
 .text.rt_memmove
                0x00000000000048f0       0x40 ./Libraries/rtthread_libraries/src/kservice.o
                0x00000000000048f0                rt_memmove
 .text.rt_strncpy
                0x0000000000004930       0x30 ./Libraries/rtthread_libraries/src/kservice.o
                0x0000000000004930                rt_strncpy
 .text.rt_strlen
                0x0000000000004960       0x1a ./Libraries/rtthread_libraries/src/kservice.o
                0x0000000000004960                rt_strlen
 .text.rt_vsnprintf
                0x000000000000497a      0x3ce ./Libraries/rtthread_libraries/src/kservice.o
                0x000000000000497a                rt_vsnprintf
 .text.rt_kprintf
                0x0000000000004d48       0x3a ./Libraries/rtthread_libraries/src/kservice.o
                0x0000000000004d48                rt_kprintf
 .text.rt_show_version
                0x0000000000004d82       0x48 ./Libraries/rtthread_libraries/src/kservice.o
                0x0000000000004d82                rt_show_version
 .text.__rt_ffs
                0x0000000000004dca       0x68 ./Libraries/rtthread_libraries/src/kservice.o
                0x0000000000004dca                __rt_ffs
 .text.plug_holes
                0x0000000000004e32       0x60 ./Libraries/rtthread_libraries/src/mem.o
 .text.list_mem
                0x0000000000004e92       0x3a ./Libraries/rtthread_libraries/src/mem.o
                0x0000000000004e92                list_mem
 .text.rt_system_heap_init
                0x0000000000004ecc       0x90 ./Libraries/rtthread_libraries/src/mem.o
                0x0000000000004ecc                rt_system_heap_init
 .text.rt_malloc
                0x0000000000004f5c      0x13c ./Libraries/rtthread_libraries/src/mem.o
                0x0000000000004f5c                rt_malloc
 .text.rt_calloc
                0x0000000000005098       0x2a ./Libraries/rtthread_libraries/src/mem.o
                0x0000000000005098                rt_calloc
 .text.rt_free  0x00000000000050c2       0xb4 ./Libraries/rtthread_libraries/src/mem.o
                0x00000000000050c2                rt_free
 .text.rt_object_get_information
                0x0000000000005176       0x54 ./Libraries/rtthread_libraries/src/object.o
                0x0000000000005176                rt_object_get_information
 .text.rt_object_init
                0x00000000000051ca       0x72 ./Libraries/rtthread_libraries/src/object.o
                0x00000000000051ca                rt_object_init
 .text.rt_object_detach
                0x000000000000523c       0x2e ./Libraries/rtthread_libraries/src/object.o
                0x000000000000523c                rt_object_detach
 .text.rt_object_allocate
                0x000000000000526a       0x64 ./Libraries/rtthread_libraries/src/object.o
                0x000000000000526a                rt_object_allocate
 .text.rt_object_delete
                0x00000000000052ce       0x34 ./Libraries/rtthread_libraries/src/object.o
                0x00000000000052ce                rt_object_delete
 .text.rt_object_is_systemobject
                0x0000000000005302        0x8 ./Libraries/rtthread_libraries/src/object.o
                0x0000000000005302                rt_object_is_systemobject
 .text.rt_system_scheduler_init
                0x000000000000530a       0x32 ./Libraries/rtthread_libraries/src/scheduler.o
                0x000000000000530a                rt_system_scheduler_init
 .text.rt_system_scheduler_start
                0x000000000000533c       0x32 ./Libraries/rtthread_libraries/src/scheduler.o
                0x000000000000533c                rt_system_scheduler_start
 .text.rt_schedule
                0x000000000000536e       0x74 ./Libraries/rtthread_libraries/src/scheduler.o
                0x000000000000536e                rt_schedule
 .text.rt_schedule_insert_thread
                0x00000000000053e2       0x54 ./Libraries/rtthread_libraries/src/scheduler.o
                0x00000000000053e2                rt_schedule_insert_thread
 .text.rt_schedule_remove_thread
                0x0000000000005436       0x54 ./Libraries/rtthread_libraries/src/scheduler.o
                0x0000000000005436                rt_schedule_remove_thread
 .text.rt_enter_critical
                0x000000000000548a       0x20 ./Libraries/rtthread_libraries/src/scheduler.o
                0x000000000000548a                rt_enter_critical
 .text.rt_exit_critical
                0x00000000000054aa       0x3c ./Libraries/rtthread_libraries/src/scheduler.o
                0x00000000000054aa                rt_exit_critical
 .text.rt_thread_exit
                0x00000000000054e6       0x66 ./Libraries/rtthread_libraries/src/thread.o
                0x00000000000054e6                rt_thread_exit
 .text.rt_thread_timeout
                0x000000000000554c       0x28 ./Libraries/rtthread_libraries/src/thread.o
                0x000000000000554c                rt_thread_timeout
 .text.rt_thread_init
                0x0000000000005574       0xb0 ./Libraries/rtthread_libraries/src/thread.o
                0x0000000000005574                rt_thread_init
 .text.rt_thread_self
                0x0000000000005624        0x6 ./Libraries/rtthread_libraries/src/thread.o
                0x0000000000005624                rt_thread_self
 .text.rt_thread_create
                0x000000000000562a       0xc0 ./Libraries/rtthread_libraries/src/thread.o
                0x000000000000562a                rt_thread_create
 .text.rt_thread_yield
                0x00000000000056ea       0x60 ./Libraries/rtthread_libraries/src/thread.o
                0x00000000000056ea                rt_thread_yield
 .text.rt_thread_suspend
                0x000000000000574a       0x4c ./Libraries/rtthread_libraries/src/thread.o
                0x000000000000574a                rt_thread_suspend
 .text.rt_thread_sleep
                0x0000000000005796       0x52 ./Libraries/rtthread_libraries/src/thread.o
                0x0000000000005796                rt_thread_sleep
 .text.rt_thread_mdelay
                0x00000000000057e8       0x12 ./Libraries/rtthread_libraries/src/thread.o
                0x00000000000057e8                rt_thread_mdelay
 .text.rt_thread_resume
                0x00000000000057fa       0x50 ./Libraries/rtthread_libraries/src/thread.o
                0x00000000000057fa                rt_thread_resume
 .text.rt_thread_startup
                0x000000000000584a       0x30 ./Libraries/rtthread_libraries/src/thread.o
                0x000000000000584a                rt_thread_startup
 .text.rt_timer_init
                0x000000000000587a       0x4e ./Libraries/rtthread_libraries/src/timer.o
                0x000000000000587a                rt_timer_init
 .text.rt_timer_detach
                0x00000000000058c8       0x32 ./Libraries/rtthread_libraries/src/timer.o
                0x00000000000058c8                rt_timer_detach
 .text.rt_timer_create
                0x00000000000058fa       0x48 ./Libraries/rtthread_libraries/src/timer.o
                0x00000000000058fa                rt_timer_create
 .text.rt_timer_start
                0x0000000000005942       0x9c ./Libraries/rtthread_libraries/src/timer.o
                0x0000000000005942                rt_timer_start
 .text.rt_timer_stop
                0x00000000000059de       0x42 ./Libraries/rtthread_libraries/src/timer.o
                0x00000000000059de                rt_timer_stop
 .text.rt_timer_control
                0x0000000000005a20       0x40 ./Libraries/rtthread_libraries/src/timer.o
                0x0000000000005a20                rt_timer_control
 .text.rt_timer_check
                0x0000000000005a60       0x90 ./Libraries/rtthread_libraries/src/timer.o
                0x0000000000005a60                rt_timer_check
 .text.rt_system_timer_init
                0x0000000000005af0        0xa ./Libraries/rtthread_libraries/src/timer.o
                0x0000000000005af0                rt_system_timer_init
 .text.rt_system_timer_thread_init
                0x0000000000005afa        0x2 ./Libraries/rtthread_libraries/src/timer.o
                0x0000000000005afa                rt_system_timer_thread_init
 .text.rt_hw_stack_init
                0x0000000000005afc       0x34 ./Libraries/rtthread_libraries/libcpu/cpuport.o
                0x0000000000005afc                rt_hw_stack_init
 .text.rt_hw_taskswitch
                0x0000000000005b30        0x6 ./Libraries/rtthread_libraries/libcpu/cpuport.o
                0x0000000000005b30                rt_hw_taskswitch
 .text.rt_hw_context_switch
                0x0000000000005b36       0x14 ./Libraries/rtthread_libraries/libcpu/cpuport.o
                0x0000000000005b36                rt_hw_context_switch
 .text.rt_hw_context_switch_interrupt
                0x0000000000005b4a       0x20 ./Libraries/rtthread_libraries/libcpu/cpuport.o
                0x0000000000005b4a                rt_hw_context_switch_interrupt
 .text.hello    0x0000000000005b6a       0x18 ./Libraries/rtthread_libraries/components/finsh/cmd.o
                0x0000000000005b6a                hello
 .text.show_wait_queue
                0x0000000000005b82       0x4c ./Libraries/rtthread_libraries/components/finsh/cmd.o
 .text.version  0x0000000000005bce       0x10 ./Libraries/rtthread_libraries/components/finsh/cmd.o
                0x0000000000005bce                version
 .text.list_get_next
                0x0000000000005bde       0x88 ./Libraries/rtthread_libraries/components/finsh/cmd.o
 .text.list_thread
                0x0000000000005c66      0x1b0 ./Libraries/rtthread_libraries/components/finsh/cmd.o
                0x0000000000005c66                list_thread
 .text.list     0x0000000000005e16       0x68 ./Libraries/rtthread_libraries/components/finsh/cmd.o
                0x0000000000005e16                list
 .text.list_timer
                0x0000000000005e7e      0x10e ./Libraries/rtthread_libraries/components/finsh/cmd.o
                0x0000000000005e7e                list_timer
 .text.list_mailbox
                0x0000000000005f8c      0x128 ./Libraries/rtthread_libraries/components/finsh/cmd.o
                0x0000000000005f8c                list_mailbox
 .text.list_sem
                0x00000000000060b4      0x120 ./Libraries/rtthread_libraries/components/finsh/cmd.o
                0x00000000000060b4                list_sem
 .text.msh_help
                0x00000000000061d4       0x76 ./Libraries/rtthread_libraries/components/finsh/msh.o
                0x00000000000061d4                msh_help
 .text.cmd_ps   0x000000000000624a       0x10 ./Libraries/rtthread_libraries/components/finsh/msh.o
                0x000000000000624a                cmd_ps
 .text.cmd_free
                0x000000000000625a       0x10 ./Libraries/rtthread_libraries/components/finsh/msh.o
                0x000000000000625a                cmd_free
 .text.msh_is_used
                0x000000000000626a        0x4 ./Libraries/rtthread_libraries/components/finsh/msh.o
                0x000000000000626a                msh_is_used
 .text.msh_exec
                0x000000000000626e      0x220 ./Libraries/rtthread_libraries/components/finsh/msh.o
                0x000000000000626e                msh_exec
 .text.msh_auto_complete
                0x000000000000648e       0xf0 ./Libraries/rtthread_libraries/components/finsh/msh.o
                0x000000000000648e                msh_auto_complete
 .text.finsh_system_init
                0x000000000000657e       0xaa ./Libraries/rtthread_libraries/components/finsh/shell.o
                0x000000000000657e                finsh_system_init
 .text.finsh_get_prompt
                0x0000000000006628       0xa8 ./Libraries/rtthread_libraries/components/finsh/shell.o
                0x0000000000006628                finsh_get_prompt
 .text.finsh_thread_entry
                0x00000000000066d0      0x330 ./Libraries/rtthread_libraries/components/finsh/shell.o
                0x00000000000066d0                finsh_thread_entry
 .text.rt_heap_begin_get
                0x0000000000006a00        0xa ./Libraries/board/board.o
                0x0000000000006a00                rt_heap_begin_get
 .text.rt_heap_end_get
                0x0000000000006a0a        0xa ./Libraries/board/board.o
                0x0000000000006a0a                rt_heap_end_get
 .text.SysTick_Handler
                0x0000000000006a14       0x78 ./Libraries/board/board.o
                0x0000000000006a14                SysTick_Handler
 .text.board_init
                0x0000000000006a8c       0x46 ./Libraries/board/board.o
                0x0000000000006a8c                board_init
 .text.rt_hw_board_init
                0x0000000000006ad2       0xcc ./Libraries/board/board.o
                0x0000000000006ad2                rt_hw_board_init
 .text._write   0x0000000000006b9e       0x4e ./Libraries/board/board.o
                0x0000000000006b9e                _write
 .text.rt_hw_console_output
                0x0000000000006bec       0x40 ./Libraries/board/board.o
                0x0000000000006bec                rt_hw_console_output
 .text.rt_hw_console_getchar
                0x0000000000006c2c       0x1a ./Libraries/board/board.o
                0x0000000000006c2c                rt_hw_console_getchar
 .text.USART1_IRQHandler
                0x0000000000006c46       0x7a ./Libraries/board/board.o
                0x0000000000006c46                USART1_IRQHandler
 .text.SystemInit
                0x0000000000006cc0      0x118 ./Libraries/board/clock_config.o
                0x0000000000006cc0                SystemInit
 .text.GetOSTU_v2
                0x0000000000006dd8      0x1e4 ./CODE/CSM_camera_deal.o
                0x0000000000006dd8                GetOSTU_v2
 .text.getUseImage
                0x0000000000006fbc       0x4c ./CODE/CSM_camera_deal.o
                0x0000000000006fbc                getUseImage
 .text.ImageFilter
                0x0000000000007008       0x80 ./CODE/CSM_camera_deal.o
                0x0000000000007008                ImageFilter
 .text.setRoadShow
                0x0000000000007088       0x58 ./CODE/CSM_camera_deal.o
                0x0000000000007088                setRoadShow
 .text.Camera_Init
                0x00000000000070e0       0x12 ./CODE/CSM_camera_deal.o
                0x00000000000070e0                Camera_Init
 .text.Camera_deal
                0x00000000000070f2       0x22 ./CODE/CSM_camera_deal.o
                0x00000000000070f2                Camera_deal
 .text.ForkRoad_deal
                0x0000000000007114      0x122 ./CODE/Test.o
                0x0000000000007114                ForkRoad_deal
 .text.speedz_ctrl
                0x0000000000007236       0x6c ./CODE/Test.o
                0x0000000000007236                speedz_ctrl
 .text.AllCtrl  0x00000000000072a2       0xf6 ./CODE/Test.o
                0x00000000000072a2                AllCtrl
 .text.Cancha_deal
                0x0000000000007398       0xe4 ./CODE/Test.o
                0x0000000000007398                Cancha_deal
 .text.Huan_Judge
                0x000000000000747c      0x208 ./CODE/Test.o
                0x000000000000747c                Huan_Judge
 .text.Huan_Deal
                0x0000000000007684      0x118 ./CODE/Test.o
                0x0000000000007684                Huan_Deal
 .text.Search_speed_Control
                0x000000000000779c      0x4ba ./CODE/Test.o
                0x000000000000779c                Search_speed_Control
 .text.Second_Cancha_deal
                0x0000000000007c56       0x7a ./CODE/Test.o
                0x0000000000007c56                Second_Cancha_deal
 .text.button_entry
                0x0000000000007cd0       0xc4 ./CODE/button.o
                0x0000000000007cd0                button_entry
 .text.button_init
                0x0000000000007d94       0x96 ./CODE/button.o
                0x0000000000007d94                button_init
 .text.buzzer_entry
                0x0000000000007e2a       0x2e ./CODE/buzzer.o
                0x0000000000007e2a                buzzer_entry
 .text.buzzer_init
                0x0000000000007e58       0x52 ./CODE/buzzer.o
                0x0000000000007e58                buzzer_init
 .text.display_entry
                0x0000000000007eaa       0x86 ./CODE/display.o
                0x0000000000007eaa                display_entry
 .text.display_init
                0x0000000000007f30       0x34 ./CODE/display.o
                0x0000000000007f30                display_init
 .text.elec_init
                0x0000000000007f64       0x22 ./CODE/elec.o
                0x0000000000007f64                elec_init
 .text.elec_get
                0x0000000000007f86       0x42 ./CODE/elec.o
                0x0000000000007f86                elec_get
 .text.check_starting_line
                0x0000000000007fc8       0xf2 ./CODE/elements.o
                0x0000000000007fc8                check_starting_line
 .text.chalupanduan
                0x00000000000080ba      0x338 ./CODE/elements.o
                0x00000000000080ba                chalupanduan
 .text.pianchazhi
                0x00000000000083f2       0x26 ./CODE/elements.o
                0x00000000000083f2                pianchazhi
 .text.WD_judge
                0x0000000000008418      0x178 ./CODE/elements.o
                0x0000000000008418                WD_judge
 .text.EncInit  0x0000000000008590       0x28 ./CODE/encoder.o
                0x0000000000008590                EncInit
 .text.SpeedGet
                0x00000000000085b8       0x38 ./CODE/encoder.o
                0x00000000000085b8                SpeedGet
 .text.SetInitVal
                0x00000000000085f0       0xe8 ./CODE/findtrack.o
                0x00000000000085f0                SetInitVal
 .text.judge_eg
                0x00000000000086d8      0x4a8 ./CODE/findtrack.o
                0x00000000000086d8                judge_eg
 .text.sqrt1    0x0000000000008b80       0x32 ./CODE/founctions.o
                0x0000000000008b80                sqrt1
 .text.My_abs   0x0000000000008bb2        0xa ./CODE/founctions.o
                0x0000000000008bb2                My_abs
 .text.curvature
                0x0000000000008bbc       0xf4 ./CODE/founctions.o
                0x0000000000008bbc                curvature
 .text.PidInit  0x0000000000008cb0       0x20 ./CODE/motor.o
                0x0000000000008cb0                PidInit
 .text.PidIncCtrl
                0x0000000000008cd0       0x74 ./CODE/motor.o
                0x0000000000008cd0                PidIncCtrl
 .text.motor_init
                0x0000000000008d44      0x112 ./CODE/motor.o
                0x0000000000008d44                motor_init
 .text.MotorCtrl
                0x0000000000008e56       0xde ./CODE/motor.o
                0x0000000000008e56                MotorCtrl
 .text.SpeedCtrl
                0x0000000000008f34      0x11e ./CODE/motor.o
                0x0000000000008f34                SpeedCtrl
 .text.Error_Calculate
                0x0000000000009052       0x60 ./CODE/motor.o
                0x0000000000009052                Error_Calculate
 .text.ADC_Error_Calculate_Second
                0x00000000000090b2       0x40 ./CODE/motor.o
                0x00000000000090b2                ADC_Error_Calculate_Second
 .text.Speed_Controler
                0x00000000000090f2      0x27a ./CODE/motor.o
                0x00000000000090f2                Speed_Controler
 .text.timer2_pit_entry
                0x000000000000936c       0x1c ./CODE/timer_pit.o
                0x000000000000936c                timer2_pit_entry
 .text.timer3_pit_entry
                0x0000000000009388       0x14 ./CODE/timer_pit.o
                0x0000000000009388                timer3_pit_entry
 .text.timer4_pit_entry
                0x000000000000939c       0x14 ./CODE/timer_pit.o
                0x000000000000939c                timer4_pit_entry
 .text.timer5_pit_entry
                0x00000000000093b0       0x42 ./CODE/timer_pit.o
                0x00000000000093b0                timer5_pit_entry
 .text.GYROz_ctrl
                0x00000000000093f2       0x4e ./CODE/timer_pit.o
                0x00000000000093f2                GYROz_ctrl
 .text.timer1_pit_entry
                0x0000000000009440       0xa2 ./CODE/timer_pit.o
                0x0000000000009440                timer1_pit_entry
 .text.timer_pit_init
                0x00000000000094e2       0xe0 ./CODE/timer_pit.o
                0x00000000000094e2                timer_pit_init
 .text.__adddf3
                0x00000000000095c2      0x730 d:/mvriver/mounriver_studio/toolchain/risc-v embedded gcc/bin/../lib/gcc/riscv-none-embed/8.2.0/rv32imac/ilp32\libgcc.a(adddf3.o)
                0x00000000000095c2                __adddf3
 .text.__divdf3
                0x0000000000009cf2      0x5b4 d:/mvriver/mounriver_studio/toolchain/risc-v embedded gcc/bin/../lib/gcc/riscv-none-embed/8.2.0/rv32imac/ilp32\libgcc.a(divdf3.o)
                0x0000000000009cf2                __divdf3
 .text.__gedf2  0x000000000000a2a6       0xae d:/mvriver/mounriver_studio/toolchain/risc-v embedded gcc/bin/../lib/gcc/riscv-none-embed/8.2.0/rv32imac/ilp32\libgcc.a(gedf2.o)
                0x000000000000a2a6                __gedf2
                0x000000000000a2a6                __gtdf2
 .text.__ledf2  0x000000000000a354       0xb6 d:/mvriver/mounriver_studio/toolchain/risc-v embedded gcc/bin/../lib/gcc/riscv-none-embed/8.2.0/rv32imac/ilp32\libgcc.a(ledf2.o)
                0x000000000000a354                __ledf2
                0x000000000000a354                __ltdf2
 .text.__muldf3
                0x000000000000a40a      0x4b8 d:/mvriver/mounriver_studio/toolchain/risc-v embedded gcc/bin/../lib/gcc/riscv-none-embed/8.2.0/rv32imac/ilp32\libgcc.a(muldf3.o)
                0x000000000000a40a                __muldf3
 .text.__fixdfsi
                0x000000000000a8c2       0x68 d:/mvriver/mounriver_studio/toolchain/risc-v embedded gcc/bin/../lib/gcc/riscv-none-embed/8.2.0/rv32imac/ilp32\libgcc.a(fixdfsi.o)
                0x000000000000a8c2                __fixdfsi
 .text.__floatsidf
                0x000000000000a92a       0x72 d:/mvriver/mounriver_studio/toolchain/risc-v embedded gcc/bin/../lib/gcc/riscv-none-embed/8.2.0/rv32imac/ilp32\libgcc.a(floatsidf.o)
                0x000000000000a92a                __floatsidf
 .text.__addsf3
                0x000000000000a99c      0x36a d:/mvriver/mounriver_studio/toolchain/risc-v embedded gcc/bin/../lib/gcc/riscv-none-embed/8.2.0/rv32imac/ilp32\libgcc.a(addsf3.o)
                0x000000000000a99c                __addsf3
 .text.__divsf3
                0x000000000000ad06      0x2b2 d:/mvriver/mounriver_studio/toolchain/risc-v embedded gcc/bin/../lib/gcc/riscv-none-embed/8.2.0/rv32imac/ilp32\libgcc.a(divsf3.o)
                0x000000000000ad06                __divsf3
 .text.__gesf2  0x000000000000afb8       0x86 d:/mvriver/mounriver_studio/toolchain/risc-v embedded gcc/bin/../lib/gcc/riscv-none-embed/8.2.0/rv32imac/ilp32\libgcc.a(gesf2.o)
                0x000000000000afb8                __gesf2
                0x000000000000afb8                __gtsf2
 .text.__lesf2  0x000000000000b03e       0x8c d:/mvriver/mounriver_studio/toolchain/risc-v embedded gcc/bin/../lib/gcc/riscv-none-embed/8.2.0/rv32imac/ilp32\libgcc.a(lesf2.o)
                0x000000000000b03e                __ltsf2
                0x000000000000b03e                __lesf2
 .text.__mulsf3
                0x000000000000b0ca      0x294 d:/mvriver/mounriver_studio/toolchain/risc-v embedded gcc/bin/../lib/gcc/riscv-none-embed/8.2.0/rv32imac/ilp32\libgcc.a(mulsf3.o)
                0x000000000000b0ca                __mulsf3
 .text.__subsf3
                0x000000000000b35e      0x388 d:/mvriver/mounriver_studio/toolchain/risc-v embedded gcc/bin/../lib/gcc/riscv-none-embed/8.2.0/rv32imac/ilp32\libgcc.a(subsf3.o)
                0x000000000000b35e                __subsf3
 .text.__fixsfsi
                0x000000000000b6e6       0x62 d:/mvriver/mounriver_studio/toolchain/risc-v embedded gcc/bin/../lib/gcc/riscv-none-embed/8.2.0/rv32imac/ilp32\libgcc.a(fixsfsi.o)
                0x000000000000b6e6                __fixsfsi
 .text.__floatsisf
                0x000000000000b748       0xc6 d:/mvriver/mounriver_studio/toolchain/risc-v embedded gcc/bin/../lib/gcc/riscv-none-embed/8.2.0/rv32imac/ilp32\libgcc.a(floatsisf.o)
                0x000000000000b748                __floatsisf
 .text.__extendsfdf2
                0x000000000000b80e       0xac d:/mvriver/mounriver_studio/toolchain/risc-v embedded gcc/bin/../lib/gcc/riscv-none-embed/8.2.0/rv32imac/ilp32\libgcc.a(extendsfdf2.o)
                0x000000000000b80e                __extendsfdf2
 .text.__truncdfsf2
                0x000000000000b8ba      0x16a d:/mvriver/mounriver_studio/toolchain/risc-v embedded gcc/bin/../lib/gcc/riscv-none-embed/8.2.0/rv32imac/ilp32\libgcc.a(truncdfsf2.o)
                0x000000000000b8ba                __truncdfsf2
 .text.__clzsi2
                0x000000000000ba24       0x76 d:/mvriver/mounriver_studio/toolchain/risc-v embedded gcc/bin/../lib/gcc/riscv-none-embed/8.2.0/rv32imac/ilp32\libgcc.a(_clzsi2.o)
                0x000000000000ba24                __clzsi2
 .text.__assert_func
                0x000000000000ba9a       0x3a d:/mvriver/mounriver_studio/toolchain/risc-v embedded gcc/bin/../lib/gcc/riscv-none-embed/8.2.0/../../../../riscv-none-embed/lib/rv32imac/ilp32\libg_nano.a(lib_a-assert.o)
                0x000000000000ba9a                __assert_func
 .text.fprintf  0x000000000000bad4       0x26 d:/mvriver/mounriver_studio/toolchain/risc-v embedded gcc/bin/../lib/gcc/riscv-none-embed/8.2.0/../../../../riscv-none-embed/lib/rv32imac/ilp32\libg_nano.a(lib_a-fprintf.o)
                0x000000000000bad4                fiprintf
                0x000000000000bad4                fprintf
 .text.memcpy   0x000000000000bafa       0xb6 d:/mvriver/mounriver_studio/toolchain/risc-v embedded gcc/bin/../lib/gcc/riscv-none-embed/8.2.0/../../../../riscv-none-embed/lib/rv32imac/ilp32\libg_nano.a(lib_a-memcpy.o)
                0x000000000000bafa                memcpy
 .text.__sfputc_r
                0x000000000000bbb0       0x28 d:/mvriver/mounriver_studio/toolchain/risc-v embedded gcc/bin/../lib/gcc/riscv-none-embed/8.2.0/../../../../riscv-none-embed/lib/rv32imac/ilp32\libg_nano.a(lib_a-nano-vfprintf.o)
 .text.__sfputs_r
                0x000000000000bbd8       0x44 d:/mvriver/mounriver_studio/toolchain/risc-v embedded gcc/bin/../lib/gcc/riscv-none-embed/8.2.0/../../../../riscv-none-embed/lib/rv32imac/ilp32\libg_nano.a(lib_a-nano-vfprintf.o)
                0x000000000000bbd8                __sfputs_r
 .text._vfprintf_r
                0x000000000000bc1c      0x2a0 d:/mvriver/mounriver_studio/toolchain/risc-v embedded gcc/bin/../lib/gcc/riscv-none-embed/8.2.0/../../../../riscv-none-embed/lib/rv32imac/ilp32\libg_nano.a(lib_a-nano-vfprintf.o)
                0x000000000000bc1c                _vfprintf_r
                0x000000000000bc1c                _vfiprintf_r
 .text._printf_common
                0x000000000000bebc      0x10c d:/mvriver/mounriver_studio/toolchain/risc-v embedded gcc/bin/../lib/gcc/riscv-none-embed/8.2.0/../../../../riscv-none-embed/lib/rv32imac/ilp32\libg_nano.a(lib_a-nano-vfprintf_i.o)
                0x000000000000bebc                _printf_common
 .text._printf_i
                0x000000000000bfc8      0x2a6 d:/mvriver/mounriver_studio/toolchain/risc-v embedded gcc/bin/../lib/gcc/riscv-none-embed/8.2.0/../../../../riscv-none-embed/lib/rv32imac/ilp32\libg_nano.a(lib_a-nano-vfprintf_i.o)
                0x000000000000bfc8                _printf_i
 .text.strlen   0x000000000000c26e       0x12 d:/mvriver/mounriver_studio/toolchain/risc-v embedded gcc/bin/../lib/gcc/riscv-none-embed/8.2.0/../../../../riscv-none-embed/lib/rv32imac/ilp32\libg_nano.a(lib_a-strlen.o)
                0x000000000000c26e                strlen
 .text.strncmp  0x000000000000c280       0x2c d:/mvriver/mounriver_studio/toolchain/risc-v embedded gcc/bin/../lib/gcc/riscv-none-embed/8.2.0/../../../../riscv-none-embed/lib/rv32imac/ilp32\libg_nano.a(lib_a-strncmp.o)
                0x000000000000c280                strncmp
 .text.strncpy  0x000000000000c2ac       0x24 d:/mvriver/mounriver_studio/toolchain/risc-v embedded gcc/bin/../lib/gcc/riscv-none-embed/8.2.0/../../../../riscv-none-embed/lib/rv32imac/ilp32\libg_nano.a(lib_a-strncpy.o)
                0x000000000000c2ac                strncpy
 .text.__swbuf_r
                0x000000000000c2d0       0xc0 d:/mvriver/mounriver_studio/toolchain/risc-v embedded gcc/bin/../lib/gcc/riscv-none-embed/8.2.0/../../../../riscv-none-embed/lib/rv32imac/ilp32\libg_nano.a(lib_a-wbuf.o)
                0x000000000000c2d0                __swbuf_r
 .text.__swsetup_r
                0x000000000000c390      0x10c d:/mvriver/mounriver_studio/toolchain/risc-v embedded gcc/bin/../lib/gcc/riscv-none-embed/8.2.0/../../../../riscv-none-embed/lib/rv32imac/ilp32\libg_nano.a(lib_a-wsetup.o)
                0x000000000000c390                __swsetup_r
 .text.abort    0x000000000000c49c        0xe d:/mvriver/mounriver_studio/toolchain/risc-v embedded gcc/bin/../lib/gcc/riscv-none-embed/8.2.0/../../../../riscv-none-embed/lib/rv32imac/ilp32\libg_nano.a(lib_a-abort.o)
                0x000000000000c49c                abort
 .text.__sflush_r
                0x000000000000c4aa      0x13c d:/mvriver/mounriver_studio/toolchain/risc-v embedded gcc/bin/../lib/gcc/riscv-none-embed/8.2.0/../../../../riscv-none-embed/lib/rv32imac/ilp32\libg_nano.a(lib_a-fflush.o)
                0x000000000000c4aa                __sflush_r
 .text._fflush_r
                0x000000000000c5e6       0x66 d:/mvriver/mounriver_studio/toolchain/risc-v embedded gcc/bin/../lib/gcc/riscv-none-embed/8.2.0/../../../../riscv-none-embed/lib/rv32imac/ilp32\libg_nano.a(lib_a-fflush.o)
                0x000000000000c5e6                _fflush_r
 .text.std      0x000000000000c64c       0x6a d:/mvriver/mounriver_studio/toolchain/risc-v embedded gcc/bin/../lib/gcc/riscv-none-embed/8.2.0/../../../../riscv-none-embed/lib/rv32imac/ilp32\libg_nano.a(lib_a-findfp.o)
 .text._cleanup_r
                0x000000000000c6b6        0xa d:/mvriver/mounriver_studio/toolchain/risc-v embedded gcc/bin/../lib/gcc/riscv-none-embed/8.2.0/../../../../riscv-none-embed/lib/rv32imac/ilp32\libg_nano.a(lib_a-findfp.o)
                0x000000000000c6b6                _cleanup_r
 .text.__sfmoreglue
                0x000000000000c6c0       0x46 d:/mvriver/mounriver_studio/toolchain/risc-v embedded gcc/bin/../lib/gcc/riscv-none-embed/8.2.0/../../../../riscv-none-embed/lib/rv32imac/ilp32\libg_nano.a(lib_a-findfp.o)
                0x000000000000c6c0                __sfmoreglue
 .text.__sinit  0x000000000000c706       0x6c d:/mvriver/mounriver_studio/toolchain/risc-v embedded gcc/bin/../lib/gcc/riscv-none-embed/8.2.0/../../../../riscv-none-embed/lib/rv32imac/ilp32\libg_nano.a(lib_a-findfp.o)
                0x000000000000c706                __sinit
 .text.__sfp    0x000000000000c772       0xa0 d:/mvriver/mounriver_studio/toolchain/risc-v embedded gcc/bin/../lib/gcc/riscv-none-embed/8.2.0/../../../../riscv-none-embed/lib/rv32imac/ilp32\libg_nano.a(lib_a-findfp.o)
                0x000000000000c772                __sfp
 .text._fwalk_reent
                0x000000000000c812       0x6c d:/mvriver/mounriver_studio/toolchain/risc-v embedded gcc/bin/../lib/gcc/riscv-none-embed/8.2.0/../../../../riscv-none-embed/lib/rv32imac/ilp32\libg_nano.a(lib_a-fwalk.o)
                0x000000000000c812                _fwalk_reent
 .text.__swhatbuf_r
                0x000000000000c87e       0x58 d:/mvriver/mounriver_studio/toolchain/risc-v embedded gcc/bin/../lib/gcc/riscv-none-embed/8.2.0/../../../../riscv-none-embed/lib/rv32imac/ilp32\libg_nano.a(lib_a-makebuf.o)
                0x000000000000c87e                __swhatbuf_r
 .text.__smakebuf_r
                0x000000000000c8d6       0x9e d:/mvriver/mounriver_studio/toolchain/risc-v embedded gcc/bin/../lib/gcc/riscv-none-embed/8.2.0/../../../../riscv-none-embed/lib/rv32imac/ilp32\libg_nano.a(lib_a-makebuf.o)
                0x000000000000c8d6                __smakebuf_r
 .text.memchr   0x000000000000c974       0x1a d:/mvriver/mounriver_studio/toolchain/risc-v embedded gcc/bin/../lib/gcc/riscv-none-embed/8.2.0/../../../../riscv-none-embed/lib/rv32imac/ilp32\libg_nano.a(lib_a-memchr.o)
                0x000000000000c974                memchr
 .text._free_r  0x000000000000c98e       0xa4 d:/mvriver/mounriver_studio/toolchain/risc-v embedded gcc/bin/../lib/gcc/riscv-none-embed/8.2.0/../../../../riscv-none-embed/lib/rv32imac/ilp32\libg_nano.a(lib_a-nano-freer.o)
                0x000000000000c98e                _free_r
 .text._malloc_r
                0x000000000000ca32       0xce d:/mvriver/mounriver_studio/toolchain/risc-v embedded gcc/bin/../lib/gcc/riscv-none-embed/8.2.0/../../../../riscv-none-embed/lib/rv32imac/ilp32\libg_nano.a(lib_a-nano-mallocr.o)
                0x000000000000ca32                _malloc_r
 .text._sbrk_r  0x000000000000cb00       0x30 d:/mvriver/mounriver_studio/toolchain/risc-v embedded gcc/bin/../lib/gcc/riscv-none-embed/8.2.0/../../../../riscv-none-embed/lib/rv32imac/ilp32\libg_nano.a(lib_a-sbrkr.o)
                0x000000000000cb00                _sbrk_r
 .text._raise_r
                0x000000000000cb30       0x62 d:/mvriver/mounriver_studio/toolchain/risc-v embedded gcc/bin/../lib/gcc/riscv-none-embed/8.2.0/../../../../riscv-none-embed/lib/rv32imac/ilp32\libg_nano.a(lib_a-signal.o)
                0x000000000000cb30                _raise_r
 .text.raise    0x000000000000cb92        0xc d:/mvriver/mounriver_studio/toolchain/risc-v embedded gcc/bin/../lib/gcc/riscv-none-embed/8.2.0/../../../../riscv-none-embed/lib/rv32imac/ilp32\libg_nano.a(lib_a-signal.o)
                0x000000000000cb92                raise
 .text._kill_r  0x000000000000cb9e       0x32 d:/mvriver/mounriver_studio/toolchain/risc-v embedded gcc/bin/../lib/gcc/riscv-none-embed/8.2.0/../../../../riscv-none-embed/lib/rv32imac/ilp32\libg_nano.a(lib_a-signalr.o)
                0x000000000000cb9e                _kill_r
 .text._getpid_r
                0x000000000000cbd0        0x2 d:/mvriver/mounriver_studio/toolchain/risc-v embedded gcc/bin/../lib/gcc/riscv-none-embed/8.2.0/../../../../riscv-none-embed/lib/rv32imac/ilp32\libg_nano.a(lib_a-signalr.o)
                0x000000000000cbd0                _getpid_r
 .text.__sread  0x000000000000cbd2       0x30 d:/mvriver/mounriver_studio/toolchain/risc-v embedded gcc/bin/../lib/gcc/riscv-none-embed/8.2.0/../../../../riscv-none-embed/lib/rv32imac/ilp32\libg_nano.a(lib_a-stdio.o)
                0x000000000000cbd2                __sread
 .text.__swrite
                0x000000000000cc02       0x4e d:/mvriver/mounriver_studio/toolchain/risc-v embedded gcc/bin/../lib/gcc/riscv-none-embed/8.2.0/../../../../riscv-none-embed/lib/rv32imac/ilp32\libg_nano.a(lib_a-stdio.o)
                0x000000000000cc02                __swrite
 .text.__sseek  0x000000000000cc50       0x36 d:/mvriver/mounriver_studio/toolchain/risc-v embedded gcc/bin/../lib/gcc/riscv-none-embed/8.2.0/../../../../riscv-none-embed/lib/rv32imac/ilp32\libg_nano.a(lib_a-stdio.o)
                0x000000000000cc50                __sseek
 .text.__sclose
                0x000000000000cc86        0x6 d:/mvriver/mounriver_studio/toolchain/risc-v embedded gcc/bin/../lib/gcc/riscv-none-embed/8.2.0/../../../../riscv-none-embed/lib/rv32imac/ilp32\libg_nano.a(lib_a-stdio.o)
                0x000000000000cc86                __sclose
 .text._write_r
                0x000000000000cc8c       0x36 d:/mvriver/mounriver_studio/toolchain/risc-v embedded gcc/bin/../lib/gcc/riscv-none-embed/8.2.0/../../../../riscv-none-embed/lib/rv32imac/ilp32\libg_nano.a(lib_a-writer.o)
                0x000000000000cc8c                _write_r
 .text._close_r
                0x000000000000ccc2       0x30 d:/mvriver/mounriver_studio/toolchain/risc-v embedded gcc/bin/../lib/gcc/riscv-none-embed/8.2.0/../../../../riscv-none-embed/lib/rv32imac/ilp32\libg_nano.a(lib_a-closer.o)
                0x000000000000ccc2                _close_r
 .text._fstat_r
                0x000000000000ccf2       0x32 d:/mvriver/mounriver_studio/toolchain/risc-v embedded gcc/bin/../lib/gcc/riscv-none-embed/8.2.0/../../../../riscv-none-embed/lib/rv32imac/ilp32\libg_nano.a(lib_a-fstatr.o)
                0x000000000000ccf2                _fstat_r
 .text._isatty_r
                0x000000000000cd24       0x30 d:/mvriver/mounriver_studio/toolchain/risc-v embedded gcc/bin/../lib/gcc/riscv-none-embed/8.2.0/../../../../riscv-none-embed/lib/rv32imac/ilp32\libg_nano.a(lib_a-isattyr.o)
                0x000000000000cd24                _isatty_r
 .text._lseek_r
                0x000000000000cd54       0x34 d:/mvriver/mounriver_studio/toolchain/risc-v embedded gcc/bin/../lib/gcc/riscv-none-embed/8.2.0/../../../../riscv-none-embed/lib/rv32imac/ilp32\libg_nano.a(lib_a-lseekr.o)
                0x000000000000cd54                _lseek_r
 .text.__malloc_lock
                0x000000000000cd88        0x2 d:/mvriver/mounriver_studio/toolchain/risc-v embedded gcc/bin/../lib/gcc/riscv-none-embed/8.2.0/../../../../riscv-none-embed/lib/rv32imac/ilp32\libg_nano.a(lib_a-mlock.o)
                0x000000000000cd88                __malloc_lock
 .text.__malloc_unlock
                0x000000000000cd8a        0x2 d:/mvriver/mounriver_studio/toolchain/risc-v embedded gcc/bin/../lib/gcc/riscv-none-embed/8.2.0/../../../../riscv-none-embed/lib/rv32imac/ilp32\libg_nano.a(lib_a-mlock.o)
                0x000000000000cd8a                __malloc_unlock
 .text._read_r  0x000000000000cd8c       0x34 d:/mvriver/mounriver_studio/toolchain/risc-v embedded gcc/bin/../lib/gcc/riscv-none-embed/8.2.0/../../../../riscv-none-embed/lib/rv32imac/ilp32\libg_nano.a(lib_a-readr.o)
                0x000000000000cd8c                _read_r
 .text._close   0x000000000000cdc0       0x10 d:/mvriver/mounriver_studio/toolchain/risc-v embedded gcc/bin/../lib/gcc/riscv-none-embed/8.2.0/../../../../riscv-none-embed/lib/rv32imac/ilp32\libnosys.a(close.o)
                0x000000000000cdc0                _close
 .text._fstat   0x000000000000cdd0       0x10 d:/mvriver/mounriver_studio/toolchain/risc-v embedded gcc/bin/../lib/gcc/riscv-none-embed/8.2.0/../../../../riscv-none-embed/lib/rv32imac/ilp32\libnosys.a(fstat.o)
                0x000000000000cdd0                _fstat
 .text._getpid  0x000000000000cde0       0x10 d:/mvriver/mounriver_studio/toolchain/risc-v embedded gcc/bin/../lib/gcc/riscv-none-embed/8.2.0/../../../../riscv-none-embed/lib/rv32imac/ilp32\libnosys.a(getpid.o)
                0x000000000000cde0                _getpid
 .text._isatty  0x000000000000cdf0       0x10 d:/mvriver/mounriver_studio/toolchain/risc-v embedded gcc/bin/../lib/gcc/riscv-none-embed/8.2.0/../../../../riscv-none-embed/lib/rv32imac/ilp32\libnosys.a(isatty.o)
                0x000000000000cdf0                _isatty
 .text._kill    0x000000000000ce00       0x10 d:/mvriver/mounriver_studio/toolchain/risc-v embedded gcc/bin/../lib/gcc/riscv-none-embed/8.2.0/../../../../riscv-none-embed/lib/rv32imac/ilp32\libnosys.a(kill.o)
                0x000000000000ce00                _kill
 .text._lseek   0x000000000000ce10       0x10 d:/mvriver/mounriver_studio/toolchain/risc-v embedded gcc/bin/../lib/gcc/riscv-none-embed/8.2.0/../../../../riscv-none-embed/lib/rv32imac/ilp32\libnosys.a(lseek.o)
                0x000000000000ce10                _lseek
 .text._read    0x000000000000ce20       0x10 d:/mvriver/mounriver_studio/toolchain/risc-v embedded gcc/bin/../lib/gcc/riscv-none-embed/8.2.0/../../../../riscv-none-embed/lib/rv32imac/ilp32\libnosys.a(read.o)
                0x000000000000ce20                _read
 .text._sbrk    0x000000000000ce30       0x24 d:/mvriver/mounriver_studio/toolchain/risc-v embedded gcc/bin/../lib/gcc/riscv-none-embed/8.2.0/../../../../riscv-none-embed/lib/rv32imac/ilp32\libnosys.a(sbrk.o)
                0x000000000000ce30                _sbrk
 .text._exit    0x000000000000ce54        0x2 d:/mvriver/mounriver_studio/toolchain/risc-v embedded gcc/bin/../lib/gcc/riscv-none-embed/8.2.0/../../../../riscv-none-embed/lib/rv32imac/ilp32\libnosys.a(_exit.o)
                0x000000000000ce54                _exit
 *(.rodata)
 *(.rodata*)
 *fill*         0x000000000000ce56        0x2 
 .rodata.main.str1.4
                0x000000000000ce58        0x7 ./USER/main.o
 *fill*         0x000000000000ce5f        0x1 
 .rodata.tft_ascii
                0x000000000000ce60      0x5f0 ./Libraries/seekfree_peripheral/SEEKFREE_FONT.o
                0x000000000000ce60                tft_ascii
 .rodata.__func__.3476
                0x000000000000d450       0x10 ./Libraries/seekfree_libraries/zf_adc.o
 .rodata.adc_mean_filter.str1.4
                0x000000000000d460       0x31 ./Libraries/seekfree_libraries/zf_adc.o
 *fill*         0x000000000000d491        0x3 
 .rodata.GPION  0x000000000000d494       0x10 ./Libraries/seekfree_libraries/zf_gpio.o
                0x000000000000d494                GPION
 .rodata.TIMERN
                0x000000000000d4a4       0x10 ./Libraries/seekfree_libraries/zf_qtimer.o
                0x000000000000d4a4                TIMERN
 .rodata.__func__.3349
                0x000000000000d4b4        0xe ./Libraries/seekfree_libraries/zf_spi.o
 *fill*         0x000000000000d4c2        0x2 
 .rodata.spi_gpio_init.str1.4
                0x000000000000d4c4       0x2d ./Libraries/seekfree_libraries/zf_spi.o
 *fill*         0x000000000000d4f1        0x3 
 .rodata.UARTN  0x000000000000d4f4       0x10 ./Libraries/seekfree_libraries/zf_uart.o
                0x000000000000d4f4                UARTN
 .rodata.rt_application_init.str1.4
                0x000000000000d504        0x5 ./Libraries/rtthread_libraries/src/components.o
 *fill*         0x000000000000d509        0x3 
 .rodata.rt_thread_idle_init.str1.4
                0x000000000000d50c        0x6 ./Libraries/rtthread_libraries/src/idle.o
 *fill*         0x000000000000d512        0x2 
 .rodata.rt_vsnprintf
                0x000000000000d514      0x150 ./Libraries/rtthread_libraries/src/kservice.o
 .rodata.__lowest_bit_bitmap
                0x000000000000d664      0x100 ./Libraries/rtthread_libraries/src/kservice.o
                0x000000000000d664                __lowest_bit_bitmap
 .rodata.large_digits.2240
                0x000000000000d764       0x11 ./Libraries/rtthread_libraries/src/kservice.o
 *fill*         0x000000000000d775        0x3 
 .rodata.rt_show_version.str1.4
                0x000000000000d778       0x86 ./Libraries/rtthread_libraries/src/kservice.o
 *fill*         0x000000000000d7fe        0x2 
 .rodata.rt_vsnprintf.str1.4
                0x000000000000d800        0x7 ./Libraries/rtthread_libraries/src/kservice.o
 *fill*         0x000000000000d807        0x1 
 .rodata.small_digits.2239
                0x000000000000d808       0x11 ./Libraries/rtthread_libraries/src/kservice.o
 *fill*         0x000000000000d819        0x3 
 .rodata.__fsym_list_mem_name
                0x000000000000d81c        0x9 ./Libraries/rtthread_libraries/src/mem.o
                0x000000000000d81c                __fsym_list_mem_name
 *fill*         0x000000000000d825        0x3 
 .rodata.list_mem.str1.4
                0x000000000000d828       0x46 ./Libraries/rtthread_libraries/src/mem.o
 *fill*         0x000000000000d86e        0x2 
 .rodata.rt_free.str1.4
                0x000000000000d870       0x4c ./Libraries/rtthread_libraries/src/mem.o
 .rodata.rt_system_heap_init.str1.4
                0x000000000000d8bc       0x42 ./Libraries/rtthread_libraries/src/mem.o
 *fill*         0x000000000000d8fe        0x2 
 .rodata.__fsym___cmd_list_mailbox_name
                0x000000000000d900       0x13 ./Libraries/rtthread_libraries/components/finsh/cmd.o
                0x000000000000d900                __fsym___cmd_list_mailbox_name
 *fill*         0x000000000000d913        0x1 
 .rodata.__fsym___cmd_list_sem_name
                0x000000000000d914        0xf ./Libraries/rtthread_libraries/components/finsh/cmd.o
                0x000000000000d914                __fsym___cmd_list_sem_name
 *fill*         0x000000000000d923        0x1 
 .rodata.__fsym___cmd_list_thread_name
                0x000000000000d924       0x12 ./Libraries/rtthread_libraries/components/finsh/cmd.o
                0x000000000000d924                __fsym___cmd_list_thread_name
 *fill*         0x000000000000d936        0x2 
 .rodata.__fsym___cmd_list_timer_name
                0x000000000000d938       0x11 ./Libraries/rtthread_libraries/components/finsh/cmd.o
                0x000000000000d938                __fsym___cmd_list_timer_name
 *fill*         0x000000000000d949        0x3 
 .rodata.__fsym___cmd_version_name
                0x000000000000d94c        0xe ./Libraries/rtthread_libraries/components/finsh/cmd.o
                0x000000000000d94c                __fsym___cmd_version_name
 *fill*         0x000000000000d95a        0x2 
 .rodata.__fsym_list_mailbox_name
                0x000000000000d95c        0xd ./Libraries/rtthread_libraries/components/finsh/cmd.o
                0x000000000000d95c                __fsym_list_mailbox_name
 *fill*         0x000000000000d969        0x3 
 .rodata.__fsym_list_sem_name
                0x000000000000d96c        0x9 ./Libraries/rtthread_libraries/components/finsh/cmd.o
                0x000000000000d96c                __fsym_list_sem_name
 *fill*         0x000000000000d975        0x3 
 .rodata.__fsym_list_thread_name
                0x000000000000d978        0xc ./Libraries/rtthread_libraries/components/finsh/cmd.o
                0x000000000000d978                __fsym_list_thread_name
 .rodata.__fsym_list_timer_name
                0x000000000000d984        0xb ./Libraries/rtthread_libraries/components/finsh/cmd.o
                0x000000000000d984                __fsym_list_timer_name
 *fill*         0x000000000000d98f        0x1 
 .rodata.hello.str1.4
                0x000000000000d990       0x12 ./Libraries/rtthread_libraries/components/finsh/cmd.o
 *fill*         0x000000000000d9a2        0x2 
 .rodata.list.str1.4
                0x000000000000d9a4       0x1c ./Libraries/rtthread_libraries/components/finsh/cmd.o
 .rodata.list_mailbox.str1.4
                0x000000000000d9c0       0x76 ./Libraries/rtthread_libraries/components/finsh/cmd.o
                                         0x7a (size before relaxing)
 *fill*         0x000000000000da36        0x2 
 .rodata.list_sem.str1.4
                0x000000000000da38       0x60 ./Libraries/rtthread_libraries/components/finsh/cmd.o
 .rodata.list_thread.str1.4
                0x000000000000da98      0x100 ./Libraries/rtthread_libraries/components/finsh/cmd.o
 .rodata.list_timer.str1.4
                0x000000000000db98       0x9d ./Libraries/rtthread_libraries/components/finsh/cmd.o
 *fill*         0x000000000000dc35        0x3 
 .rodata.show_wait_queue.str1.4
                0x000000000000dc38        0x6 ./Libraries/rtthread_libraries/components/finsh/cmd.o
 *fill*         0x000000000000dc3e        0x2 
 .rodata.__fsym___cmd_free_name
                0x000000000000dc40        0xb ./Libraries/rtthread_libraries/components/finsh/msh.o
                0x000000000000dc40                __fsym___cmd_free_name
 *fill*         0x000000000000dc4b        0x1 
 .rodata.__fsym___cmd_help_name
                0x000000000000dc4c        0xb ./Libraries/rtthread_libraries/components/finsh/msh.o
                0x000000000000dc4c                __fsym___cmd_help_name
 *fill*         0x000000000000dc57        0x1 
 .rodata.__fsym___cmd_ps_name
                0x000000000000dc58        0x9 ./Libraries/rtthread_libraries/components/finsh/msh.o
                0x000000000000dc58                __fsym___cmd_ps_name
 .rodata.msh_auto_complete.str1.4
                0x000000000000dc61        0x4 ./Libraries/rtthread_libraries/components/finsh/msh.o
 *fill*         0x000000000000dc61        0x3 
 .rodata.msh_exec.str1.4
                0x000000000000dc64       0x38 ./Libraries/rtthread_libraries/components/finsh/msh.o
 .rodata.msh_help.str1.4
                0x000000000000dc9c       0x28 ./Libraries/rtthread_libraries/components/finsh/msh.o
                                         0x2a (size before relaxing)
 .rodata.finsh_system_init.str1.4
                0x000000000000dcc4       0x25 ./Libraries/rtthread_libraries/components/finsh/shell.o
 *fill*         0x000000000000dce9        0x3 
 .rodata.finsh_thread_entry.str1.4
                0x000000000000dcec       0x1c ./Libraries/rtthread_libraries/components/finsh/shell.o
                                         0x23 (size before relaxing)
 .rodata.rt_hw_board_init.str1.4
                0x000000000000dd08        0x8 ./Libraries/board/board.o
 .rodata.GetOSTU_v2.cst4
                0x000000000000dd10        0x4 ./CODE/CSM_camera_deal.o
 .rodata.Cancha_deal.cst4
                0x000000000000dd14        0x4 ./CODE/Test.o
 *fill*         0x000000000000dd18        0x0 
 .rodata.Cancha_deal.cst8
                0x000000000000dd18        0x8 ./CODE/Test.o
 .rodata.Search_speed_Control.cst4
                0x000000000000dd20       0x20 ./CODE/Test.o
 .rodata.speedz_ctrl.cst8
                0x000000000000dd40       0x10 ./CODE/Test.o
 .rodata.button_init.str1.4
                0x000000000000dd50       0x1f ./CODE/button.o
 *fill*         0x000000000000dd6f        0x1 
 .rodata.buzzer_init.str1.4
                0x000000000000dd70        0x7 ./CODE/buzzer.o
 *fill*         0x000000000000dd77        0x1 
 .rodata.display_init.str1.4
                0x000000000000dd78        0x8 ./CODE/display.o
 .rodata.WD_judge.cst8
                0x000000000000dd80       0x18 ./CODE/elements.o
 .rodata.chalupanduan.cst4
                0x000000000000dd98        0x4 ./CODE/elements.o
                                          0x8 (size before relaxing)
 *fill*         0x000000000000dd9c        0x4 
 .rodata.SetInitVal.cst8
                0x000000000000dda0       0x10 ./CODE/findtrack.o
 .rodata.judge_eg.cst4
                0x000000000000ddb0        0x4 ./CODE/findtrack.o
 .rodata.curvature.cst4
                0x000000000000ddb4        0x4 ./CODE/founctions.o
 .rodata.SpeedCtrl.cst8
                0x000000000000ddb8        0x8 ./CODE/motor.o
 .rodata.Speed_Controler.cst4
                0x000000000000ddc0        0x8 ./CODE/motor.o
 .rodata.motor_init.cst4
                0x000000000000ddc8        0xc ./CODE/motor.o
 .rodata.GYROz_ctrl.cst8
                0x000000000000ddd4       0x10 ./CODE/timer_pit.o
 .rodata.timer_pit_init.str1.4
                0x000000000000ddd4       0x27 ./CODE/timer_pit.o
 *fill*         0x000000000000ddfb        0x1 
 .rodata.__divdf3
                0x000000000000ddfc       0x40 d:/mvriver/mounriver_studio/toolchain/risc-v embedded gcc/bin/../lib/gcc/riscv-none-embed/8.2.0/rv32imac/ilp32\libgcc.a(divdf3.o)
 .rodata.__muldf3
                0x000000000000de3c       0x40 d:/mvriver/mounriver_studio/toolchain/risc-v embedded gcc/bin/../lib/gcc/riscv-none-embed/8.2.0/rv32imac/ilp32\libgcc.a(muldf3.o)
 .rodata.__divsf3
                0x000000000000de7c       0x80 d:/mvriver/mounriver_studio/toolchain/risc-v embedded gcc/bin/../lib/gcc/riscv-none-embed/8.2.0/rv32imac/ilp32\libgcc.a(divsf3.o)
 .rodata.__mulsf3
                0x000000000000defc       0x40 d:/mvriver/mounriver_studio/toolchain/risc-v embedded gcc/bin/../lib/gcc/riscv-none-embed/8.2.0/rv32imac/ilp32\libgcc.a(mulsf3.o)
 .rodata.__clz_tab
                0x000000000000df3c      0x100 d:/mvriver/mounriver_studio/toolchain/risc-v embedded gcc/bin/../lib/gcc/riscv-none-embed/8.2.0/rv32imac/ilp32\libgcc.a(_clz.o)
                0x000000000000df3c                __clz_tab
 .rodata.__assert_func.str1.4
                0x000000000000e03c       0x3f d:/mvriver/mounriver_studio/toolchain/risc-v embedded gcc/bin/../lib/gcc/riscv-none-embed/8.2.0/../../../../riscv-none-embed/lib/rv32imac/ilp32\libg_nano.a(lib_a-assert.o)
                                         0x43 (size before relaxing)
 *fill*         0x000000000000e07b        0x1 
 .rodata._vfprintf_r.str1.4
                0x000000000000e07c       0x13 d:/mvriver/mounriver_studio/toolchain/risc-v embedded gcc/bin/../lib/gcc/riscv-none-embed/8.2.0/../../../../riscv-none-embed/lib/rv32imac/ilp32\libg_nano.a(lib_a-nano-vfprintf.o)
 *fill*         0x000000000000e08f        0x1 
 .rodata._printf_i.str1.4
                0x000000000000e090       0x28 d:/mvriver/mounriver_studio/toolchain/risc-v embedded gcc/bin/../lib/gcc/riscv-none-embed/8.2.0/../../../../riscv-none-embed/lib/rv32imac/ilp32\libg_nano.a(lib_a-nano-vfprintf_i.o)
                                         0x25 (size before relaxing)
 .rodata.__sf_fake_stderr
                0x000000000000e0b8       0x20 d:/mvriver/mounriver_studio/toolchain/risc-v embedded gcc/bin/../lib/gcc/riscv-none-embed/8.2.0/../../../../riscv-none-embed/lib/rv32imac/ilp32\libg_nano.a(lib_a-findfp.o)
                0x000000000000e0b8                __sf_fake_stderr
 .rodata.__sf_fake_stdin
                0x000000000000e0d8       0x20 d:/mvriver/mounriver_studio/toolchain/risc-v embedded gcc/bin/../lib/gcc/riscv-none-embed/8.2.0/../../../../riscv-none-embed/lib/rv32imac/ilp32\libg_nano.a(lib_a-findfp.o)
                0x000000000000e0d8                __sf_fake_stdin
 .rodata.__sf_fake_stdout
                0x000000000000e0f8       0x20 d:/mvriver/mounriver_studio/toolchain/risc-v embedded gcc/bin/../lib/gcc/riscv-none-embed/8.2.0/../../../../riscv-none-embed/lib/rv32imac/ilp32\libg_nano.a(lib_a-findfp.o)
                0x000000000000e0f8                __sf_fake_stdout
 *(.glue_7)
 *(.glue_7t)
 *(.gnu.linkonce.t.*)